259
Index: 0 PosX: 61 PosY: 201
Index: 1 PosX: 244 PosY: 29
Index: 2 PosX: 286 PosY: 263
Index: 3 PosX: 417 PosY: 187
Index: 4 PosX: 134 PosY: 85
Index: 5 PosX: 369 PosY: 59
Index: 6 PosX: 142 PosY: 216
Index: 7 PosX: 74 PosY: 90
Index: 8 PosX: 304 PosY: 69
Index: 9 PosX: 211 PosY: 323
Index: 10 PosX: 337 PosY: 156
Index: 11 PosX: 193 PosY: 119
Index: 12 PosX: 423 PosY: 97
Index: 13 PosX: 132 PosY: 373
Index: 14 PosX: 302 PosY: 352
Index: 15 PosX: 423 PosY: 293
Index: 16 PosX: 119 PosY: 147
Index: 17 PosX: 62 PosY: 336
Index: 18 PosX: 30 PosY: 293
Index: 19 PosX: 72 PosY: 272
Index: 20 PosX: 42 PosY: 232
Index: 21 PosX: 70 PosY: 172
Index: 22 PosX: 39 PosY: 138
Index: 23 PosX: 39 PosY: 79
Index: 24 PosX: 83 PosY: 47
Index: 25 PosX: 109 PosY: 19
Index: 26 PosX: 159 PosY: 35
Index: 27 PosX: 124 PosY: 56
Index: 28 PosX: 106 PosY: 128
Index: 29 PosX: 99 PosY: 174
Index: 30 PosX: 102 PosY: 244
Index: 31 PosX: 78 PosY: 290
Index: 32 PosX: 99 PosY: 303
Index: 33 PosX: 105 PosY: 261
Index: 34 PosX: 101 PosY: 278
Index: 35 PosX: 86 PosY: 257
Index: 36 PosX: 73 PosY: 246
Index: 37 PosX: 53 PosY: 251
Index: 38 PosX: 46 PosY: 272
Index: 39 PosX: 35 PosY: 254
Index: 40 PosX: 45 PosY: 301
Index: 41 PosX: 46 PosY: 313
Index: 42 PosX: 66 PosY: 317
Index: 43 PosX: 59 PosY: 291
Index: 44 PosX: 82 PosY: 316
Index: 45 PosX: 115 PosY: 279
Index: 46 PosX: 135 PosY: 265
Index: 47 PosX: 145 PosY: 256
Index: 48 PosX: 157 PosY: 249
Index: 49 PosX: 172 PosY: 239
Index: 50 PosX: 190 PosY: 229
Index: 51 PosX: 202 PosY: 224
Index: 52 PosX: 218 PosY: 214
Index: 53 PosX: 230 PosY: 204
Index: 54 PosX: 249 PosY: 192
Index: 55 PosX: 258 PosY: 183
Index: 56 PosX: 268 PosY: 176
Index: 57 PosX: 282 PosY: 173
Index: 58 PosX: 292 PosY: 198
Index: 59 PosX: 269 PosY: 220
Index: 60 PosX: 256 PosY: 236
Index: 61 PosX: 245 PosY: 251
Index: 62 PosX: 226 PosY: 268
Index: 63 PosX: 216 PosY: 274
Index: 64 PosX: 202 PosY: 286
Index: 65 PosX: 187 PosY: 301
Index: 66 PosX: 175 PosY: 320
Index: 67 PosX: 160 PosY: 344
Index: 68 PosX: 147 PosY: 361
Index: 69 PosX: 151 PosY: 371
Index: 70 PosX: 175 PosY: 373
Index: 71 PosX: 194 PosY: 360
Index: 72 PosX: 197 PosY: 345
Index: 73 PosX: 192 PosY: 341
Index: 74 PosX: 174 PosY: 350
Index: 75 PosX: 193 PosY: 318
Index: 76 PosX: 219 PosY: 294
Index: 77 PosX: 239 PosY: 287
Index: 78 PosX: 232 PosY: 304
Index: 79 PosX: 209 PosY: 306
Index: 80 PosX: 229 PosY: 318
Index: 81 PosX: 266 PosY: 345
Index: 82 PosX: 219 PosY: 343
Index: 83 PosX: 249 PosY: 331
Index: 84 PosX: 249 PosY: 350
Index: 85 PosX: 252 PosY: 379
Index: 86 PosX: 234 PosY: 343
Index: 87 PosX: 203 PosY: 373
Index: 88 PosX: 181 PosY: 383
Index: 89 PosX: 137 PosY: 384
Index: 90 PosX: 112 PosY: 383
Index: 91 PosX: 120 PosY: 371
Index: 92 PosX: 139 PosY: 359
Index: 93 PosX: 146 PosY: 344
Index: 94 PosX: 152 PosY: 326
Index: 95 PosX: 162 PosY: 315
Index: 96 PosX: 170 PosY: 325
Index: 97 PosX: 143 PosY: 336
Index: 98 PosX: 121 PosY: 355
Index: 99 PosX: 109 PosY: 372
Index: 100 PosX: 245 PosY: 321
Index: 101 PosX: 276 PosY: 309
Index: 102 PosX: 299 PosY: 299
Index: 103 PosX: 305 PosY: 289
Index: 104 PosX: 308 PosY: 279
Index: 105 PosX: 315 PosY: 261
Index: 106 PosX: 320 PosY: 243
Index: 107 PosX: 321 PosY: 236
Index: 108 PosX: 323 PosY: 227
Index: 109 PosX: 323 PosY: 216
Index: 110 PosX: 323 PosY: 195
Index: 111 PosX: 320 PosY: 182
Index: 112 PosX: 318 PosY: 173
Index: 113 PosX: 315 PosY: 164
Index: 114 PosX: 312 PosY: 148
Index: 115 PosX: 313 PosY: 129
Index: 116 PosX: 322 PosY: 108
Index: 117 PosX: 324 PosY: 97
Index: 118 PosX: 325 PosY: 84
Index: 119 PosX: 327 PosY: 63
Index: 120 PosX: 328 PosY: 47
Index: 121 PosX: 319 PosY: 33
Index: 122 PosX: 304 PosY: 29
Index: 123 PosX: 277 PosY: 20
Index: 124 PosX: 270 PosY: 20
Index: 125 PosX: 262 PosY: 44
Index: 126 PosX: 275 PosY: 50
Index: 127 PosX: 297 PosY: 44
Index: 128 PosX: 299 PosY: 43
Index: 129 PosX: 278 PosY: 35
Index: 130 PosX: 285 PosY: 67
Index: 131 PosX: 289 PosY: 101
Index: 132 PosX: 291 PosY: 117
Index: 133 PosX: 292 PosY: 136
Index: 134 PosX: 293 PosY: 164
Index: 135 PosX: 296 PosY: 203
Index: 136 PosX: 297 PosY: 228
Index: 137 PosX: 291 PosY: 244
Index: 138 PosX: 285 PosY: 246
Index: 139 PosX: 271 PosY: 257
Index: 140 PosX: 255 PosY: 275
Index: 141 PosX: 250 PosY: 283
Index: 142 PosX: 255 PosY: 287
Index: 143 PosX: 267 PosY: 286
Index: 144 PosX: 277 PosY: 282
Index: 145 PosX: 281 PosY: 287
Index: 146 PosX: 263 PosY: 297
Index: 147 PosX: 247 PosY: 312
Index: 148 PosX: 256 PosY: 322
Index: 149 PosX: 266 PosY: 322
Index: 150 PosX: 281 PosY: 318
Index: 151 PosX: 299 PosY: 317
Index: 152 PosX: 303 PosY: 309
Index: 153 PosX: 314 PosY: 290
Index: 154 PosX: 316 PosY: 272
Index: 155 PosX: 308 PosY: 261
Index: 156 PosX: 301 PosY: 248
Index: 157 PosX: 116 PosY: 245
Index: 158 PosX: 117 PosY: 218
Index: 159 PosX: 131 PosY: 195
Index: 160 PosX: 145 PosY: 180
Index: 161 PosX: 159 PosY: 150
Index: 162 PosX: 161 PosY: 139
Index: 163 PosX: 164 PosY: 112
Index: 164 PosX: 193 PosY: 63
Index: 165 PosX: 216 PosY: 61
Index: 166 PosX: 228 PosY: 86
Index: 167 PosX: 194 PosY: 82
Index: 168 PosX: 175 PosY: 92
Index: 169 PosX: 163 PosY: 162
Index: 170 PosX: 169 PosY: 191
Index: 171 PosX: 200 PosY: 190
Index: 172 PosX: 209 PosY: 164
Index: 173 PosX: 191 PosY: 159
Index: 174 PosX: 185 PosY: 178
Index: 175 PosX: 214 PosY: 136
Index: 176 PosX: 225 PosY: 102
Index: 177 PosX: 207 PosY: 90
Index: 178 PosX: 177 PosY: 117
Index: 179 PosX: 187 PosY: 145
Index: 180 PosX: 219 PosY: 156
Index: 181 PosX: 229 PosY: 164
Index: 182 PosX: 251 PosY: 148
Index: 183 PosX: 258 PosY: 125
Index: 184 PosX: 268 PosY: 110
Index: 185 PosX: 270 PosY: 147
Index: 186 PosX: 252 PosY: 163
Index: 187 PosX: 235 PosY: 170
Index: 188 PosX: 195 PosY: 197
Index: 189 PosX: 167 PosY: 217
Index: 190 PosX: 133 PosY: 242
Index: 191 PosX: 217 PosY: 191
Index: 192 PosX: 236 PosY: 127
Index: 193 PosX: 221 PosY: 105
Index: 194 PosX: 198 PosY: 105
Index: 195 PosX: 249 PosY: 106
Index: 196 PosX: 274 PosY: 89
Index: 197 PosX: 254 PosY: 76
Index: 198 PosX: 227 PosY: 56
Index: 199 PosX: 195 PosY: 40
Index: 200 PosX: 162 PosY: 51
Index: 201 PosX: 158 PosY: 71
Index: 202 PosX: 140 PosY: 80
Index: 203 PosX: 111 PosY: 74
Index: 204 PosX: 98 PosY: 108
Index: 205 PosX: 78 PosY: 115
Index: 206 PosX: 58 PosY: 101
Index: 207 PosX: 58 PosY: 73
Index: 208 PosX: 62 PosY: 61
Index: 209 PosX: 52 PosY: 46
Index: 210 PosX: 34 PosY: 37
Index: 211 PosX: 51 PosY: 25
Index: 212 PosX: 36 PosY: 27
Index: 213 PosX: 34 PosY: 354
Index: 214 PosX: 48 PosY: 343
Index: 215 PosX: 36 PosY: 319
Index: 216 PosX: 36 PosY: 338
Index: 217 PosX: 227 PosY: 364
Index: 218 PosX: 208 PosY: 357
Index: 219 PosX: 335 PosY: 126
Index: 220 PosX: 124 PosY: 175
Index: 221 PosX: 341 PosY: 118
Index: 222 PosX: 366 PosY: 102
Index: 223 PosX: 355 PosY: 114
Index: 224 PosX: 378 PosY: 91
Index: 225 PosX: 395 PosY: 78
Index: 226 PosX: 407 PosY: 66
Index: 227 PosX: 419 PosY: 54
Index: 228 PosX: 430 PosY: 45
Index: 229 PosX: 438 PosY: 34
Index: 230 PosX: 449 PosY: 20
Index: 231 PosX: 426 PosY: 355
Index: 232 PosX: 433 PosY: 338
Index: 233 PosX: 436 PosY: 311
Index: 234 PosX: 439 PosY: 288
Index: 235 PosX: 442 PosY: 260
Index: 236 PosX: 442 PosY: 229
Index: 237 PosX: 442 PosY: 240
Index: 238 PosX: 443 PosY: 205
Index: 239 PosX: 438 PosY: 172
Index: 240 PosX: 439 PosY: 185
Index: 241 PosX: 443 PosY: 154
Index: 242 PosX: 442 PosY: 130
Index: 243 PosX: 444 PosY: 111
Index: 244 PosX: 444 PosY: 85
Index: 245 PosX: 448 PosY: 67
Index: 246 PosX: 447 PosY: 46
Index: 247 PosX: 415 PosY: 94
Index: 248 PosX: 387 PosY: 98
Index: 249 PosX: 433 PosY: 158
Index: 250 PosX: 396 PosY: 139
Index: 251 PosX: 411 PosY: 152
Index: 252 PosX: 389 PosY: 127
Index: 253 PosX: 368 PosY: 108
Index: 254 PosX: 383 PosY: 115
Index: 255 PosX: 391 PosY: 119
Index: 256 PosX: 400 PosY: 131
Index: 257 PosX: 390 PosY: 110
Index: 258 PosX: 394 PosY: 104
1096
m_iFrom: 1 m_iTo: 124 m_dCost: 27.5136 m_iFlags: 0 ID: -1
m_iFrom: 1 m_iTo: 125 m_dCost: 23.4307 m_iFlags: 0 ID: -1
m_iFrom: 2 m_iTo: 104 m_dCost: 27.2029 m_iFlags: 0 ID: -1
m_iFrom: 2 m_iTo: 137 m_dCost: 19.6469 m_iFlags: 0 ID: -1
m_iFrom: 2 m_iTo: 138 m_dCost: 17.0294 m_iFlags: 0 ID: -1
m_iFrom: 2 m_iTo: 139 m_dCost: 16.1555 m_iFlags: 0 ID: -1
m_iFrom: 2 m_iTo: 144 m_dCost: 21.0238 m_iFlags: 0 ID: -1
m_iFrom: 2 m_iTo: 145 m_dCost: 24.5153 m_iFlags: 0 ID: -1
m_iFrom: 2 m_iTo: 155 m_dCost: 22.0907 m_iFlags: 0 ID: -1
m_iFrom: 2 m_iTo: 156 m_dCost: 21.2132 m_iFlags: 0 ID: -1
m_iFrom: 3 m_iTo: 239 m_dCost: 25.807 m_iFlags: 0 ID: -1
m_iFrom: 3 m_iTo: 240 m_dCost: 22.0907 m_iFlags: 0 ID: -1
m_iFrom: 4 m_iTo: 201 m_dCost: 27.7849 m_iFlags: 0 ID: -1
m_iFrom: 4 m_iTo: 202 m_dCost: 7.81025 m_iFlags: 0 ID: -1
m_iFrom: 4 m_iTo: 203 m_dCost: 25.4951 m_iFlags: 0 ID: -1
m_iFrom: 6 m_iTo: 158 m_dCost: 25.0799 m_iFlags: 0 ID: -1
m_iFrom: 6 m_iTo: 159 m_dCost: 23.7065 m_iFlags: 0 ID: -1
m_iFrom: 6 m_iTo: 189 m_dCost: 25.02 m_iFlags: 0 ID: -1
m_iFrom: 6 m_iTo: 190 m_dCost: 27.5136 m_iFlags: 0 ID: -1
m_iFrom: 7 m_iTo: 205 m_dCost: 25.318 m_iFlags: 0 ID: -1
m_iFrom: 7 m_iTo: 206 m_dCost: 19.4165 m_iFlags: 0 ID: -1
m_iFrom: 7 m_iTo: 207 m_dCost: 23.3452 m_iFlags: 0 ID: -1
m_iFrom: 8 m_iTo: 118 m_dCost: 25.807 m_iFlags: 0 ID: -1
m_iFrom: 8 m_iTo: 119 m_dCost: 23.7697 m_iFlags: 0 ID: -1
m_iFrom: 8 m_iTo: 127 m_dCost: 25.9615 m_iFlags: 0 ID: -1
m_iFrom: 8 m_iTo: 128 m_dCost: 26.4764 m_iFlags: 0 ID: -1
m_iFrom: 8 m_iTo: 130 m_dCost: 19.105 m_iFlags: 0 ID: -1
m_iFrom: 9 m_iTo: 72 m_dCost: 26.0768 m_iFlags: 0 ID: -1
m_iFrom: 9 m_iTo: 73 m_dCost: 26.1725 m_iFlags: 0 ID: -1
m_iFrom: 9 m_iTo: 75 m_dCost: 18.6815 m_iFlags: 0 ID: -1
m_iFrom: 9 m_iTo: 79 m_dCost: 17.1172 m_iFlags: 0 ID: -1
m_iFrom: 9 m_iTo: 80 m_dCost: 18.6815 m_iFlags: 0 ID: -1
m_iFrom: 9 m_iTo: 82 m_dCost: 21.5407 m_iFlags: 0 ID: -1
m_iFrom: 10 m_iTo: 112 m_dCost: 25.4951 m_iFlags: 0 ID: -1
m_iFrom: 10 m_iTo: 113 m_dCost: 23.4094 m_iFlags: 0 ID: -1
m_iFrom: 10 m_iTo: 114 m_dCost: 26.2488 m_iFlags: 0 ID: -1
m_iFrom: 11 m_iTo: 175 m_dCost: 27.0185 m_iFlags: 0 ID: -1
m_iFrom: 11 m_iTo: 178 m_dCost: 16.1245 m_iFlags: 0 ID: -1
m_iFrom: 11 m_iTo: 179 m_dCost: 26.6833 m_iFlags: 0 ID: -1
m_iFrom: 11 m_iTo: 194 m_dCost: 14.8661 m_iFlags: 0 ID: -1
m_iFrom: 12 m_iTo: 243 m_dCost: 25.2389 m_iFlags: 0 ID: -1
m_iFrom: 12 m_iTo: 244 m_dCost: 24.1868 m_iFlags: 0 ID: -1
m_iFrom: 12 m_iTo: 247 m_dCost: 8.544 m_iFlags: 0 ID: -1
m_iFrom: 13 m_iTo: 68 m_dCost: 19.2094 m_iFlags: 0 ID: -1
m_iFrom: 13 m_iTo: 69 m_dCost: 19.105 m_iFlags: 0 ID: -1
m_iFrom: 13 m_iTo: 91 m_dCost: 12.1655 m_iFlags: 0 ID: -1
m_iFrom: 13 m_iTo: 92 m_dCost: 15.6525 m_iFlags: 0 ID: -1
m_iFrom: 15 m_iTo: 233 m_dCost: 22.2036 m_iFlags: 0 ID: -1
m_iFrom: 15 m_iTo: 234 m_dCost: 16.7631 m_iFlags: 0 ID: -1
m_iFrom: 16 m_iTo: 28 m_dCost: 23.0217 m_iFlags: 0 ID: -1
m_iFrom: 17 m_iTo: 41 m_dCost: 28.0179 m_iFlags: 0 ID: -1
m_iFrom: 17 m_iTo: 42 m_dCost: 19.4165 m_iFlags: 0 ID: -1
m_iFrom: 17 m_iTo: 44 m_dCost: 28.2843 m_iFlags: 0 ID: -1
m_iFrom: 17 m_iTo: 214 m_dCost: 15.6525 m_iFlags: 0 ID: -1
m_iFrom: 17 m_iTo: 216 m_dCost: 26.0768 m_iFlags: 0 ID: -1
m_iFrom: 18 m_iTo: 38 m_dCost: 26.4008 m_iFlags: 0 ID: -1
m_iFrom: 18 m_iTo: 40 m_dCost: 17 m_iFlags: 0 ID: -1
m_iFrom: 18 m_iTo: 41 m_dCost: 25.6125 m_iFlags: 0 ID: -1
m_iFrom: 18 m_iTo: 215 m_dCost: 26.6833 m_iFlags: 0 ID: -1
m_iFrom: 19 m_iTo: 31 m_dCost: 18.9737 m_iFlags: 0 ID: -1
m_iFrom: 19 m_iTo: 35 m_dCost: 20.5183 m_iFlags: 0 ID: -1
m_iFrom: 19 m_iTo: 36 m_dCost: 26.0192 m_iFlags: 0 ID: -1
m_iFrom: 19 m_iTo: 38 m_dCost: 26 m_iFlags: 0 ID: -1
m_iFrom: 19 m_iTo: 43 m_dCost: 23.0217 m_iFlags: 0 ID: -1
m_iFrom: 20 m_iTo: 37 m_dCost: 21.9545 m_iFlags: 0 ID: -1
m_iFrom: 20 m_iTo: 39 m_dCost: 23.0868 m_iFlags: 0 ID: -1
m_iFrom: 23 m_iTo: 207 m_dCost: 19.9249 m_iFlags: 0 ID: -1
m_iFrom: 24 m_iTo: 208 m_dCost: 25.2389 m_iFlags: 0 ID: -1
m_iFrom: 26 m_iTo: 200 m_dCost: 16.2788 m_iFlags: 0 ID: -1
m_iFrom: 27 m_iTo: 203 m_dCost: 22.2036 m_iFlags: 0 ID: -1
m_iFrom: 28 m_iTo: 16 m_dCost: 23.0217 m_iFlags: 0 ID: -1
m_iFrom: 28 m_iTo: 204 m_dCost: 21.5407 m_iFlags: 0 ID: -1
m_iFrom: 29 m_iTo: 220 m_dCost: 25.02 m_iFlags: 0 ID: -1
m_iFrom: 30 m_iTo: 33 m_dCost: 17.2627 m_iFlags: 0 ID: -1
m_iFrom: 30 m_iTo: 35 m_dCost: 20.6155 m_iFlags: 0 ID: -1
m_iFrom: 30 m_iTo: 157 m_dCost: 14.0357 m_iFlags: 0 ID: -1
m_iFrom: 31 m_iTo: 19 m_dCost: 18.9737 m_iFlags: 0 ID: -1
m_iFrom: 31 m_iTo: 32 m_dCost: 24.6982 m_iFlags: 0 ID: -1
m_iFrom: 31 m_iTo: 34 m_dCost: 25.9422 m_iFlags: 0 ID: -1
m_iFrom: 31 m_iTo: 43 m_dCost: 19.0263 m_iFlags: 0 ID: -1
m_iFrom: 31 m_iTo: 44 m_dCost: 26.3059 m_iFlags: 0 ID: -1
m_iFrom: 32 m_iTo: 31 m_dCost: 24.6982 m_iFlags: 0 ID: -1
m_iFrom: 32 m_iTo: 34 m_dCost: 25.0799 m_iFlags: 0 ID: -1
m_iFrom: 32 m_iTo: 44 m_dCost: 21.4009 m_iFlags: 0 ID: -1
m_iFrom: 33 m_iTo: 30 m_dCost: 17.2627 m_iFlags: 0 ID: -1
m_iFrom: 33 m_iTo: 34 m_dCost: 17.4642 m_iFlags: 0 ID: -1
m_iFrom: 33 m_iTo: 35 m_dCost: 19.4165 m_iFlags: 0 ID: -1
m_iFrom: 33 m_iTo: 45 m_dCost: 20.5913 m_iFlags: 0 ID: -1
m_iFrom: 33 m_iTo: 157 m_dCost: 19.4165 m_iFlags: 0 ID: -1
m_iFrom: 34 m_iTo: 31 m_dCost: 25.9422 m_iFlags: 0 ID: -1
m_iFrom: 34 m_iTo: 32 m_dCost: 25.0799 m_iFlags: 0 ID: -1
m_iFrom: 34 m_iTo: 33 m_dCost: 17.4642 m_iFlags: 0 ID: -1
m_iFrom: 34 m_iTo: 35 m_dCost: 25.807 m_iFlags: 0 ID: -1
m_iFrom: 34 m_iTo: 45 m_dCost: 14.0357 m_iFlags: 0 ID: -1
m_iFrom: 35 m_iTo: 19 m_dCost: 20.5183 m_iFlags: 0 ID: -1
m_iFrom: 35 m_iTo: 30 m_dCost: 20.6155 m_iFlags: 0 ID: -1
m_iFrom: 35 m_iTo: 33 m_dCost: 19.4165 m_iFlags: 0 ID: -1
m_iFrom: 35 m_iTo: 34 m_dCost: 25.807 m_iFlags: 0 ID: -1
m_iFrom: 35 m_iTo: 36 m_dCost: 17.0294 m_iFlags: 0 ID: -1
m_iFrom: 36 m_iTo: 19 m_dCost: 26.0192 m_iFlags: 0 ID: -1
m_iFrom: 36 m_iTo: 35 m_dCost: 17.0294 m_iFlags: 0 ID: -1
m_iFrom: 36 m_iTo: 37 m_dCost: 20.6155 m_iFlags: 0 ID: -1
m_iFrom: 37 m_iTo: 20 m_dCost: 21.9545 m_iFlags: 0 ID: -1
m_iFrom: 37 m_iTo: 36 m_dCost: 20.6155 m_iFlags: 0 ID: -1
m_iFrom: 37 m_iTo: 38 m_dCost: 22.1359 m_iFlags: 0 ID: -1
m_iFrom: 37 m_iTo: 39 m_dCost: 18.2483 m_iFlags: 0 ID: -1
m_iFrom: 38 m_iTo: 18 m_dCost: 26.4008 m_iFlags: 0 ID: -1
m_iFrom: 38 m_iTo: 19 m_dCost: 26 m_iFlags: 0 ID: -1
m_iFrom: 38 m_iTo: 37 m_dCost: 22.1359 m_iFlags: 0 ID: -1
m_iFrom: 38 m_iTo: 39 m_dCost: 21.095 m_iFlags: 0 ID: -1
m_iFrom: 38 m_iTo: 43 m_dCost: 23.0217 m_iFlags: 0 ID: -1
m_iFrom: 39 m_iTo: 20 m_dCost: 23.0868 m_iFlags: 0 ID: -1
m_iFrom: 39 m_iTo: 37 m_dCost: 18.2483 m_iFlags: 0 ID: -1
m_iFrom: 39 m_iTo: 38 m_dCost: 21.095 m_iFlags: 0 ID: -1
m_iFrom: 40 m_iTo: 18 m_dCost: 17 m_iFlags: 0 ID: -1
m_iFrom: 40 m_iTo: 41 m_dCost: 12.0416 m_iFlags: 0 ID: -1
m_iFrom: 40 m_iTo: 42 m_dCost: 26.4008 m_iFlags: 0 ID: -1
m_iFrom: 40 m_iTo: 43 m_dCost: 17.2047 m_iFlags: 0 ID: -1
m_iFrom: 40 m_iTo: 215 m_dCost: 20.1246 m_iFlags: 0 ID: -1
m_iFrom: 41 m_iTo: 17 m_dCost: 28.0179 m_iFlags: 0 ID: -1
m_iFrom: 41 m_iTo: 18 m_dCost: 25.6125 m_iFlags: 0 ID: -1
m_iFrom: 41 m_iTo: 40 m_dCost: 12.0416 m_iFlags: 0 ID: -1
m_iFrom: 41 m_iTo: 42 m_dCost: 20.3961 m_iFlags: 0 ID: -1
m_iFrom: 41 m_iTo: 43 m_dCost: 25.5539 m_iFlags: 0 ID: -1
m_iFrom: 41 m_iTo: 215 m_dCost: 11.6619 m_iFlags: 0 ID: -1
m_iFrom: 41 m_iTo: 216 m_dCost: 26.9258 m_iFlags: 0 ID: -1
m_iFrom: 42 m_iTo: 17 m_dCost: 19.4165 m_iFlags: 0 ID: -1
m_iFrom: 42 m_iTo: 40 m_dCost: 26.4008 m_iFlags: 0 ID: -1
m_iFrom: 42 m_iTo: 41 m_dCost: 20.3961 m_iFlags: 0 ID: -1
m_iFrom: 42 m_iTo: 43 m_dCost: 26.9258 m_iFlags: 0 ID: -1
m_iFrom: 42 m_iTo: 44 m_dCost: 16.0312 m_iFlags: 0 ID: -1
m_iFrom: 43 m_iTo: 19 m_dCost: 23.0217 m_iFlags: 0 ID: -1
m_iFrom: 43 m_iTo: 31 m_dCost: 19.0263 m_iFlags: 0 ID: -1
m_iFrom: 43 m_iTo: 38 m_dCost: 23.0217 m_iFlags: 0 ID: -1
m_iFrom: 43 m_iTo: 40 m_dCost: 17.2047 m_iFlags: 0 ID: -1
m_iFrom: 43 m_iTo: 41 m_dCost: 25.5539 m_iFlags: 0 ID: -1
m_iFrom: 43 m_iTo: 42 m_dCost: 26.9258 m_iFlags: 0 ID: -1
m_iFrom: 44 m_iTo: 17 m_dCost: 28.2843 m_iFlags: 0 ID: -1
m_iFrom: 44 m_iTo: 31 m_dCost: 26.3059 m_iFlags: 0 ID: -1
m_iFrom: 44 m_iTo: 32 m_dCost: 21.4009 m_iFlags: 0 ID: -1
m_iFrom: 44 m_iTo: 42 m_dCost: 16.0312 m_iFlags: 0 ID: -1
m_iFrom: 45 m_iTo: 33 m_dCost: 20.5913 m_iFlags: 0 ID: -1
m_iFrom: 45 m_iTo: 34 m_dCost: 14.0357 m_iFlags: 0 ID: -1
m_iFrom: 45 m_iTo: 46 m_dCost: 24.4131 m_iFlags: 0 ID: -1
m_iFrom: 46 m_iTo: 45 m_dCost: 24.4131 m_iFlags: 0 ID: -1
m_iFrom: 46 m_iTo: 47 m_dCost: 13.4536 m_iFlags: 0 ID: -1
m_iFrom: 46 m_iTo: 48 m_dCost: 27.2029 m_iFlags: 0 ID: -1
m_iFrom: 46 m_iTo: 157 m_dCost: 27.5862 m_iFlags: 0 ID: -1
m_iFrom: 46 m_iTo: 190 m_dCost: 23.0868 m_iFlags: 0 ID: -1
m_iFrom: 47 m_iTo: 46 m_dCost: 13.4536 m_iFlags: 0 ID: -1
m_iFrom: 47 m_iTo: 48 m_dCost: 13.8924 m_iFlags: 0 ID: -1
m_iFrom: 47 m_iTo: 190 m_dCost: 18.4391 m_iFlags: 0 ID: -1
m_iFrom: 48 m_iTo: 46 m_dCost: 27.2029 m_iFlags: 0 ID: -1
m_iFrom: 48 m_iTo: 47 m_dCost: 13.8924 m_iFlags: 0 ID: -1
m_iFrom: 48 m_iTo: 49 m_dCost: 18.0278 m_iFlags: 0 ID: -1
m_iFrom: 48 m_iTo: 190 m_dCost: 25 m_iFlags: 0 ID: -1
m_iFrom: 49 m_iTo: 48 m_dCost: 18.0278 m_iFlags: 0 ID: -1
m_iFrom: 49 m_iTo: 50 m_dCost: 20.5913 m_iFlags: 0 ID: -1
m_iFrom: 49 m_iTo: 189 m_dCost: 22.561 m_iFlags: 0 ID: -1
m_iFrom: 50 m_iTo: 49 m_dCost: 20.5913 m_iFlags: 0 ID: -1
m_iFrom: 50 m_iTo: 51 m_dCost: 13 m_iFlags: 0 ID: -1
m_iFrom: 50 m_iTo: 189 m_dCost: 25.9422 m_iFlags: 0 ID: -1
m_iFrom: 51 m_iTo: 50 m_dCost: 13 m_iFlags: 0 ID: -1
m_iFrom: 51 m_iTo: 188 m_dCost: 27.8927 m_iFlags: 0 ID: -1
m_iFrom: 52 m_iTo: 191 m_dCost: 23.0217 m_iFlags: 0 ID: -1
m_iFrom: 53 m_iTo: 191 m_dCost: 18.3848 m_iFlags: 0 ID: -1
m_iFrom: 54 m_iTo: 187 m_dCost: 26.0768 m_iFlags: 0 ID: -1
m_iFrom: 55 m_iTo: 186 m_dCost: 20.8806 m_iFlags: 0 ID: -1
m_iFrom: 55 m_iTo: 187 m_dCost: 26.4197 m_iFlags: 0 ID: -1
m_iFrom: 56 m_iTo: 57 m_dCost: 14.3178 m_iFlags: 0 ID: -1
m_iFrom: 56 m_iTo: 134 m_dCost: 27.7308 m_iFlags: 0 ID: -1
m_iFrom: 56 m_iTo: 186 m_dCost: 20.6155 m_iFlags: 0 ID: -1
m_iFrom: 57 m_iTo: 56 m_dCost: 14.3178 m_iFlags: 0 ID: -1
m_iFrom: 57 m_iTo: 58 m_dCost: 26.9258 m_iFlags: 0 ID: -1
m_iFrom: 57 m_iTo: 134 m_dCost: 14.2127 m_iFlags: 0 ID: -1
m_iFrom: 58 m_iTo: 57 m_dCost: 26.9258 m_iFlags: 0 ID: -1
m_iFrom: 58 m_iTo: 135 m_dCost: 6.40312 m_iFlags: 0 ID: -1
m_iFrom: 59 m_iTo: 60 m_dCost: 20.6155 m_iFlags: 0 ID: -1
m_iFrom: 60 m_iTo: 59 m_dCost: 20.6155 m_iFlags: 0 ID: -1
m_iFrom: 60 m_iTo: 61 m_dCost: 18.6011 m_iFlags: 0 ID: -1
m_iFrom: 60 m_iTo: 139 m_dCost: 25.807 m_iFlags: 0 ID: -1
m_iFrom: 61 m_iTo: 60 m_dCost: 18.6011 m_iFlags: 0 ID: -1
m_iFrom: 61 m_iTo: 62 m_dCost: 25.4951 m_iFlags: 0 ID: -1
m_iFrom: 61 m_iTo: 139 m_dCost: 26.6833 m_iFlags: 0 ID: -1
m_iFrom: 61 m_iTo: 140 m_dCost: 26 m_iFlags: 0 ID: -1
m_iFrom: 62 m_iTo: 61 m_dCost: 25.4951 m_iFlags: 0 ID: -1
m_iFrom: 62 m_iTo: 63 m_dCost: 11.6619 m_iFlags: 0 ID: -1
m_iFrom: 62 m_iTo: 76 m_dCost: 26.9258 m_iFlags: 0 ID: -1
m_iFrom: 62 m_iTo: 77 m_dCost: 23.0217 m_iFlags: 0 ID: -1
m_iFrom: 63 m_iTo: 62 m_dCost: 11.6619 m_iFlags: 0 ID: -1
m_iFrom: 63 m_iTo: 64 m_dCost: 18.4391 m_iFlags: 0 ID: -1
m_iFrom: 63 m_iTo: 76 m_dCost: 20.2237 m_iFlags: 0 ID: -1
m_iFrom: 63 m_iTo: 77 m_dCost: 26.4197 m_iFlags: 0 ID: -1
m_iFrom: 64 m_iTo: 63 m_dCost: 18.4391 m_iFlags: 0 ID: -1
m_iFrom: 64 m_iTo: 65 m_dCost: 21.2132 m_iFlags: 0 ID: -1
m_iFrom: 64 m_iTo: 76 m_dCost: 18.7883 m_iFlags: 0 ID: -1
m_iFrom: 64 m_iTo: 79 m_dCost: 21.1896 m_iFlags: 0 ID: -1
m_iFrom: 65 m_iTo: 64 m_dCost: 21.2132 m_iFlags: 0 ID: -1
m_iFrom: 65 m_iTo: 66 m_dCost: 22.4722 m_iFlags: 0 ID: -1
m_iFrom: 65 m_iTo: 75 m_dCost: 18.0278 m_iFlags: 0 ID: -1
m_iFrom: 65 m_iTo: 79 m_dCost: 22.561 m_iFlags: 0 ID: -1
m_iFrom: 66 m_iTo: 65 m_dCost: 22.4722 m_iFlags: 0 ID: -1
m_iFrom: 66 m_iTo: 73 m_dCost: 27.0185 m_iFlags: 0 ID: -1
m_iFrom: 66 m_iTo: 75 m_dCost: 18.1108 m_iFlags: 0 ID: -1
m_iFrom: 66 m_iTo: 96 m_dCost: 7.07107 m_iFlags: 0 ID: -1
m_iFrom: 67 m_iTo: 68 m_dCost: 21.4009 m_iFlags: 0 ID: -1
m_iFrom: 67 m_iTo: 74 m_dCost: 15.2315 m_iFlags: 0 ID: -1
m_iFrom: 67 m_iTo: 92 m_dCost: 25.807 m_iFlags: 0 ID: -1
m_iFrom: 67 m_iTo: 93 m_dCost: 14 m_iFlags: 0 ID: -1
m_iFrom: 67 m_iTo: 96 m_dCost: 21.4709 m_iFlags: 0 ID: -1
m_iFrom: 68 m_iTo: 13 m_dCost: 19.2094 m_iFlags: 0 ID: -1
m_iFrom: 68 m_iTo: 67 m_dCost: 21.4009 m_iFlags: 0 ID: -1
m_iFrom: 68 m_iTo: 69 m_dCost: 10.7703 m_iFlags: 0 ID: -1
m_iFrom: 68 m_iTo: 92 m_dCost: 8.24621 m_iFlags: 0 ID: -1
m_iFrom: 68 m_iTo: 93 m_dCost: 17.0294 m_iFlags: 0 ID: -1
m_iFrom: 69 m_iTo: 13 m_dCost: 19.105 m_iFlags: 0 ID: -1
m_iFrom: 69 m_iTo: 68 m_dCost: 10.7703 m_iFlags: 0 ID: -1
m_iFrom: 69 m_iTo: 70 m_dCost: 24.0832 m_iFlags: 0 ID: -1
m_iFrom: 69 m_iTo: 92 m_dCost: 16.9706 m_iFlags: 0 ID: -1
m_iFrom: 69 m_iTo: 93 m_dCost: 27.4591 m_iFlags: 0 ID: -1
m_iFrom: 70 m_iTo: 69 m_dCost: 24.0832 m_iFlags: 0 ID: -1
m_iFrom: 70 m_iTo: 71 m_dCost: 23.0217 m_iFlags: 0 ID: -1
m_iFrom: 70 m_iTo: 74 m_dCost: 23.0217 m_iFlags: 0 ID: -1
m_iFrom: 70 m_iTo: 87 m_dCost: 28 m_iFlags: 0 ID: -1
m_iFrom: 71 m_iTo: 70 m_dCost: 23.0217 m_iFlags: 0 ID: -1
m_iFrom: 71 m_iTo: 72 m_dCost: 15.2971 m_iFlags: 0 ID: -1
m_iFrom: 71 m_iTo: 73 m_dCost: 19.105 m_iFlags: 0 ID: -1
m_iFrom: 71 m_iTo: 74 m_dCost: 22.3607 m_iFlags: 0 ID: -1
m_iFrom: 71 m_iTo: 87 m_dCost: 15.8114 m_iFlags: 0 ID: -1
m_iFrom: 71 m_iTo: 218 m_dCost: 14.3178 m_iFlags: 0 ID: -1
m_iFrom: 72 m_iTo: 9 m_dCost: 26.0768 m_iFlags: 0 ID: -1
m_iFrom: 72 m_iTo: 71 m_dCost: 15.2971 m_iFlags: 0 ID: -1
m_iFrom: 72 m_iTo: 73 m_dCost: 6.40312 m_iFlags: 0 ID: -1
m_iFrom: 72 m_iTo: 74 m_dCost: 23.5372 m_iFlags: 0 ID: -1
m_iFrom: 72 m_iTo: 75 m_dCost: 27.2947 m_iFlags: 0 ID: -1
m_iFrom: 72 m_iTo: 82 m_dCost: 22.0907 m_iFlags: 0 ID: -1
m_iFrom: 72 m_iTo: 218 m_dCost: 16.2788 m_iFlags: 0 ID: -1
m_iFrom: 73 m_iTo: 9 m_dCost: 26.1725 m_iFlags: 0 ID: -1
m_iFrom: 73 m_iTo: 66 m_dCost: 27.0185 m_iFlags: 0 ID: -1
m_iFrom: 73 m_iTo: 71 m_dCost: 19.105 m_iFlags: 0 ID: -1
m_iFrom: 73 m_iTo: 72 m_dCost: 6.40312 m_iFlags: 0 ID: -1
m_iFrom: 73 m_iTo: 74 m_dCost: 20.1246 m_iFlags: 0 ID: -1
m_iFrom: 73 m_iTo: 75 m_dCost: 23.0217 m_iFlags: 0 ID: -1
m_iFrom: 73 m_iTo: 82 m_dCost: 27.074 m_iFlags: 0 ID: -1
m_iFrom: 73 m_iTo: 96 m_dCost: 27.2029 m_iFlags: 0 ID: -1
m_iFrom: 73 m_iTo: 218 m_dCost: 22.6274 m_iFlags: 0 ID: -1
m_iFrom: 74 m_iTo: 67 m_dCost: 15.2315 m_iFlags: 0 ID: -1
m_iFrom: 74 m_iTo: 70 m_dCost: 23.0217 m_iFlags: 0 ID: -1
m_iFrom: 74 m_iTo: 71 m_dCost: 22.3607 m_iFlags: 0 ID: -1
m_iFrom: 74 m_iTo: 72 m_dCost: 23.5372 m_iFlags: 0 ID: -1
m_iFrom: 74 m_iTo: 73 m_dCost: 20.1246 m_iFlags: 0 ID: -1
m_iFrom: 74 m_iTo: 96 m_dCost: 25.318 m_iFlags: 0 ID: -1
m_iFrom: 75 m_iTo: 9 m_dCost: 18.6815 m_iFlags: 0 ID: -1
m_iFrom: 75 m_iTo: 65 m_dCost: 18.0278 m_iFlags: 0 ID: -1
m_iFrom: 75 m_iTo: 66 m_dCost: 18.1108 m_iFlags: 0 ID: -1
m_iFrom: 75 m_iTo: 72 m_dCost: 27.2947 m_iFlags: 0 ID: -1
m_iFrom: 75 m_iTo: 73 m_dCost: 23.0217 m_iFlags: 0 ID: -1
m_iFrom: 75 m_iTo: 79 m_dCost: 20 m_iFlags: 0 ID: -1
m_iFrom: 75 m_iTo: 96 m_dCost: 24.0416 m_iFlags: 0 ID: -1
m_iFrom: 76 m_iTo: 62 m_dCost: 26.9258 m_iFlags: 0 ID: -1
m_iFrom: 76 m_iTo: 63 m_dCost: 20.2237 m_iFlags: 0 ID: -1
m_iFrom: 76 m_iTo: 64 m_dCost: 18.7883 m_iFlags: 0 ID: -1
m_iFrom: 76 m_iTo: 77 m_dCost: 21.1896 m_iFlags: 0 ID: -1
m_iFrom: 76 m_iTo: 78 m_dCost: 16.4012 m_iFlags: 0 ID: -1
m_iFrom: 76 m_iTo: 79 m_dCost: 15.6205 m_iFlags: 0 ID: -1
m_iFrom: 76 m_iTo: 80 m_dCost: 26 m_iFlags: 0 ID: -1
m_iFrom: 77 m_iTo: 62 m_dCost: 23.0217 m_iFlags: 0 ID: -1
m_iFrom: 77 m_iTo: 63 m_dCost: 26.4197 m_iFlags: 0 ID: -1
m_iFrom: 77 m_iTo: 76 m_dCost: 21.1896 m_iFlags: 0 ID: -1
m_iFrom: 77 m_iTo: 78 m_dCost: 18.3848 m_iFlags: 0 ID: -1
m_iFrom: 77 m_iTo: 140 m_dCost: 20 m_iFlags: 0 ID: -1
m_iFrom: 77 m_iTo: 141 m_dCost: 11.7047 m_iFlags: 0 ID: -1
m_iFrom: 77 m_iTo: 142 m_dCost: 16 m_iFlags: 0 ID: -1
m_iFrom: 77 m_iTo: 143 m_dCost: 28.0179 m_iFlags: 0 ID: -1
m_iFrom: 77 m_iTo: 146 m_dCost: 26 m_iFlags: 0 ID: -1
m_iFrom: 77 m_iTo: 147 m_dCost: 26.2488 m_iFlags: 0 ID: -1
m_iFrom: 78 m_iTo: 76 m_dCost: 16.4012 m_iFlags: 0 ID: -1
m_iFrom: 78 m_iTo: 77 m_dCost: 18.3848 m_iFlags: 0 ID: -1
m_iFrom: 78 m_iTo: 79 m_dCost: 23.0868 m_iFlags: 0 ID: -1
m_iFrom: 78 m_iTo: 80 m_dCost: 14.3178 m_iFlags: 0 ID: -1
m_iFrom: 78 m_iTo: 100 m_dCost: 21.4009 m_iFlags: 0 ID: -1
m_iFrom: 78 m_iTo: 141 m_dCost: 27.6586 m_iFlags: 0 ID: -1
m_iFrom: 78 m_iTo: 147 m_dCost: 17 m_iFlags: 0 ID: -1
m_iFrom: 79 m_iTo: 9 m_dCost: 17.1172 m_iFlags: 0 ID: -1
m_iFrom: 79 m_iTo: 64 m_dCost: 21.1896 m_iFlags: 0 ID: -1
m_iFrom: 79 m_iTo: 65 m_dCost: 22.561 m_iFlags: 0 ID: -1
m_iFrom: 79 m_iTo: 75 m_dCost: 20 m_iFlags: 0 ID: -1
m_iFrom: 79 m_iTo: 76 m_dCost: 15.6205 m_iFlags: 0 ID: -1
m_iFrom: 79 m_iTo: 78 m_dCost: 23.0868 m_iFlags: 0 ID: -1
m_iFrom: 79 m_iTo: 80 m_dCost: 23.3238 m_iFlags: 0 ID: -1
m_iFrom: 80 m_iTo: 9 m_dCost: 18.6815 m_iFlags: 0 ID: -1
m_iFrom: 80 m_iTo: 76 m_dCost: 26 m_iFlags: 0 ID: -1
m_iFrom: 80 m_iTo: 78 m_dCost: 14.3178 m_iFlags: 0 ID: -1
m_iFrom: 80 m_iTo: 79 m_dCost: 23.3238 m_iFlags: 0 ID: -1
m_iFrom: 80 m_iTo: 82 m_dCost: 26.9258 m_iFlags: 0 ID: -1
m_iFrom: 80 m_iTo: 83 m_dCost: 23.8537 m_iFlags: 0 ID: -1
m_iFrom: 80 m_iTo: 86 m_dCost: 25.4951 m_iFlags: 0 ID: -1
m_iFrom: 80 m_iTo: 100 m_dCost: 16.2788 m_iFlags: 0 ID: -1
m_iFrom: 80 m_iTo: 147 m_dCost: 18.9737 m_iFlags: 0 ID: -1
m_iFrom: 80 m_iTo: 148 m_dCost: 27.2947 m_iFlags: 0 ID: -1
m_iFrom: 81 m_iTo: 83 m_dCost: 22.0227 m_iFlags: 0 ID: -1
m_iFrom: 81 m_iTo: 84 m_dCost: 17.72 m_iFlags: 0 ID: -1
m_iFrom: 81 m_iTo: 148 m_dCost: 25.0799 m_iFlags: 0 ID: -1
m_iFrom: 81 m_iTo: 149 m_dCost: 23 m_iFlags: 0 ID: -1
m_iFrom: 82 m_iTo: 9 m_dCost: 21.5407 m_iFlags: 0 ID: -1
m_iFrom: 82 m_iTo: 72 m_dCost: 22.0907 m_iFlags: 0 ID: -1
m_iFrom: 82 m_iTo: 73 m_dCost: 27.074 m_iFlags: 0 ID: -1
m_iFrom: 82 m_iTo: 80 m_dCost: 26.9258 m_iFlags: 0 ID: -1
m_iFrom: 82 m_iTo: 86 m_dCost: 15 m_iFlags: 0 ID: -1
m_iFrom: 82 m_iTo: 217 m_dCost: 22.4722 m_iFlags: 0 ID: -1
m_iFrom: 82 m_iTo: 218 m_dCost: 17.8045 m_iFlags: 0 ID: -1
m_iFrom: 83 m_iTo: 80 m_dCost: 23.8537 m_iFlags: 0 ID: -1
m_iFrom: 83 m_iTo: 81 m_dCost: 22.0227 m_iFlags: 0 ID: -1
m_iFrom: 83 m_iTo: 84 m_dCost: 19 m_iFlags: 0 ID: -1
m_iFrom: 83 m_iTo: 86 m_dCost: 19.2094 m_iFlags: 0 ID: -1
m_iFrom: 83 m_iTo: 100 m_dCost: 10.7703 m_iFlags: 0 ID: -1
m_iFrom: 83 m_iTo: 147 m_dCost: 19.105 m_iFlags: 0 ID: -1
m_iFrom: 83 m_iTo: 148 m_dCost: 11.4018 m_iFlags: 0 ID: -1
m_iFrom: 83 m_iTo: 149 m_dCost: 19.2354 m_iFlags: 0 ID: -1
m_iFrom: 84 m_iTo: 81 m_dCost: 17.72 m_iFlags: 0 ID: -1
m_iFrom: 84 m_iTo: 83 m_dCost: 19 m_iFlags: 0 ID: -1
m_iFrom: 84 m_iTo: 86 m_dCost: 16.5529 m_iFlags: 0 ID: -1
m_iFrom: 84 m_iTo: 217 m_dCost: 26.0768 m_iFlags: 0 ID: -1
m_iFrom: 86 m_iTo: 80 m_dCost: 25.4951 m_iFlags: 0 ID: -1
m_iFrom: 86 m_iTo: 82 m_dCost: 15 m_iFlags: 0 ID: -1
m_iFrom: 86 m_iTo: 83 m_dCost: 19.2094 m_iFlags: 0 ID: -1
m_iFrom: 86 m_iTo: 84 m_dCost: 16.5529 m_iFlags: 0 ID: -1
m_iFrom: 86 m_iTo: 100 m_dCost: 24.5967 m_iFlags: 0 ID: -1
m_iFrom: 86 m_iTo: 217 m_dCost: 22.1359 m_iFlags: 0 ID: -1
m_iFrom: 87 m_iTo: 70 m_dCost: 28 m_iFlags: 0 ID: -1
m_iFrom: 87 m_iTo: 71 m_dCost: 15.8114 m_iFlags: 0 ID: -1
m_iFrom: 87 m_iTo: 217 m_dCost: 25.632 m_iFlags: 0 ID: -1
m_iFrom: 87 m_iTo: 218 m_dCost: 16.7631 m_iFlags: 0 ID: -1
m_iFrom: 89 m_iTo: 91 m_dCost: 21.4009 m_iFlags: 0 ID: -1
m_iFrom: 89 m_iTo: 92 m_dCost: 25.0799 m_iFlags: 0 ID: -1
m_iFrom: 90 m_iTo: 91 m_dCost: 14.4222 m_iFlags: 0 ID: -1
m_iFrom: 91 m_iTo: 13 m_dCost: 12.1655 m_iFlags: 0 ID: -1
m_iFrom: 91 m_iTo: 89 m_dCost: 21.4009 m_iFlags: 0 ID: -1
m_iFrom: 91 m_iTo: 90 m_dCost: 14.4222 m_iFlags: 0 ID: -1
m_iFrom: 91 m_iTo: 92 m_dCost: 22.4722 m_iFlags: 0 ID: -1
m_iFrom: 92 m_iTo: 13 m_dCost: 15.6525 m_iFlags: 0 ID: -1
m_iFrom: 92 m_iTo: 67 m_dCost: 25.807 m_iFlags: 0 ID: -1
m_iFrom: 92 m_iTo: 68 m_dCost: 8.24621 m_iFlags: 0 ID: -1
m_iFrom: 92 m_iTo: 69 m_dCost: 16.9706 m_iFlags: 0 ID: -1
m_iFrom: 92 m_iTo: 89 m_dCost: 25.0799 m_iFlags: 0 ID: -1
m_iFrom: 92 m_iTo: 91 m_dCost: 22.4722 m_iFlags: 0 ID: -1
m_iFrom: 92 m_iTo: 93 m_dCost: 16.5529 m_iFlags: 0 ID: -1
m_iFrom: 93 m_iTo: 67 m_dCost: 14 m_iFlags: 0 ID: -1
m_iFrom: 93 m_iTo: 68 m_dCost: 17.0294 m_iFlags: 0 ID: -1
m_iFrom: 93 m_iTo: 69 m_dCost: 27.4591 m_iFlags: 0 ID: -1
m_iFrom: 93 m_iTo: 92 m_dCost: 16.5529 m_iFlags: 0 ID: -1
m_iFrom: 94 m_iTo: 96 m_dCost: 18.0278 m_iFlags: 0 ID: -1
m_iFrom: 95 m_iTo: 96 m_dCost: 12.8062 m_iFlags: 0 ID: -1
m_iFrom: 96 m_iTo: 66 m_dCost: 7.07107 m_iFlags: 0 ID: -1
m_iFrom: 96 m_iTo: 67 m_dCost: 21.4709 m_iFlags: 0 ID: -1
m_iFrom: 96 m_iTo: 73 m_dCost: 27.2029 m_iFlags: 0 ID: -1
m_iFrom: 96 m_iTo: 74 m_dCost: 25.318 m_iFlags: 0 ID: -1
m_iFrom: 96 m_iTo: 75 m_dCost: 24.0416 m_iFlags: 0 ID: -1
m_iFrom: 96 m_iTo: 94 m_dCost: 18.0278 m_iFlags: 0 ID: -1
m_iFrom: 96 m_iTo: 95 m_dCost: 12.8062 m_iFlags: 0 ID: -1
m_iFrom: 100 m_iTo: 78 m_dCost: 21.4009 m_iFlags: 0 ID: -1
m_iFrom: 100 m_iTo: 80 m_dCost: 16.2788 m_iFlags: 0 ID: -1
m_iFrom: 100 m_iTo: 83 m_dCost: 10.7703 m_iFlags: 0 ID: -1
m_iFrom: 100 m_iTo: 86 m_dCost: 24.5967 m_iFlags: 0 ID: -1
m_iFrom: 100 m_iTo: 147 m_dCost: 9.21954 m_iFlags: 0 ID: -1
m_iFrom: 100 m_iTo: 148 m_dCost: 11.0454 m_iFlags: 0 ID: -1
m_iFrom: 100 m_iTo: 149 m_dCost: 21.0238 m_iFlags: 0 ID: -1
m_iFrom: 101 m_iTo: 102 m_dCost: 25.0799 m_iFlags: 0 ID: -1
m_iFrom: 101 m_iTo: 143 m_dCost: 24.6982 m_iFlags: 0 ID: -1
m_iFrom: 101 m_iTo: 144 m_dCost: 27.0185 m_iFlags: 0 ID: -1
m_iFrom: 101 m_iTo: 145 m_dCost: 22.561 m_iFlags: 0 ID: -1
m_iFrom: 101 m_iTo: 146 m_dCost: 17.6918 m_iFlags: 0 ID: -1
m_iFrom: 101 m_iTo: 148 m_dCost: 23.8537 m_iFlags: 0 ID: -1
m_iFrom: 101 m_iTo: 149 m_dCost: 16.4012 m_iFlags: 0 ID: -1
m_iFrom: 101 m_iTo: 150 m_dCost: 10.2956 m_iFlags: 0 ID: -1
m_iFrom: 101 m_iTo: 151 m_dCost: 24.3516 m_iFlags: 0 ID: -1
m_iFrom: 101 m_iTo: 152 m_dCost: 27 m_iFlags: 0 ID: -1
m_iFrom: 102 m_iTo: 101 m_dCost: 25.0799 m_iFlags: 0 ID: -1
m_iFrom: 102 m_iTo: 103 m_dCost: 11.6619 m_iFlags: 0 ID: -1
m_iFrom: 102 m_iTo: 104 m_dCost: 21.9317 m_iFlags: 0 ID: -1
m_iFrom: 102 m_iTo: 144 m_dCost: 27.8029 m_iFlags: 0 ID: -1
m_iFrom: 102 m_iTo: 145 m_dCost: 21.6333 m_iFlags: 0 ID: -1
m_iFrom: 102 m_iTo: 150 m_dCost: 26.1725 m_iFlags: 0 ID: -1
m_iFrom: 102 m_iTo: 151 m_dCost: 18 m_iFlags: 0 ID: -1
m_iFrom: 102 m_iTo: 152 m_dCost: 10.7703 m_iFlags: 0 ID: -1
m_iFrom: 102 m_iTo: 153 m_dCost: 17.4929 m_iFlags: 0 ID: -1
m_iFrom: 103 m_iTo: 102 m_dCost: 11.6619 m_iFlags: 0 ID: -1
m_iFrom: 103 m_iTo: 104 m_dCost: 10.4403 m_iFlags: 0 ID: -1
m_iFrom: 103 m_iTo: 145 m_dCost: 24.0832 m_iFlags: 0 ID: -1
m_iFrom: 103 m_iTo: 152 m_dCost: 20.0998 m_iFlags: 0 ID: -1
m_iFrom: 103 m_iTo: 153 m_dCost: 9.05539 m_iFlags: 0 ID: -1
m_iFrom: 103 m_iTo: 154 m_dCost: 20.2485 m_iFlags: 0 ID: -1
m_iFrom: 103 m_iTo: 155 m_dCost: 28.1603 m_iFlags: 0 ID: -1
m_iFrom: 104 m_iTo: 2 m_dCost: 27.2029 m_iFlags: 0 ID: -1
m_iFrom: 104 m_iTo: 102 m_dCost: 21.9317 m_iFlags: 0 ID: -1
m_iFrom: 104 m_iTo: 103 m_dCost: 10.4403 m_iFlags: 0 ID: -1
m_iFrom: 104 m_iTo: 105 m_dCost: 19.3132 m_iFlags: 0 ID: -1
m_iFrom: 104 m_iTo: 145 m_dCost: 28.1603 m_iFlags: 0 ID: -1
m_iFrom: 104 m_iTo: 153 m_dCost: 12.53 m_iFlags: 0 ID: -1
m_iFrom: 104 m_iTo: 154 m_dCost: 10.6301 m_iFlags: 0 ID: -1
m_iFrom: 104 m_iTo: 155 m_dCost: 18 m_iFlags: 0 ID: -1
m_iFrom: 105 m_iTo: 104 m_dCost: 19.3132 m_iFlags: 0 ID: -1
m_iFrom: 105 m_iTo: 106 m_dCost: 18.6815 m_iFlags: 0 ID: -1
m_iFrom: 105 m_iTo: 107 m_dCost: 25.7099 m_iFlags: 0 ID: -1
m_iFrom: 105 m_iTo: 154 m_dCost: 11.0454 m_iFlags: 0 ID: -1
m_iFrom: 105 m_iTo: 155 m_dCost: 7 m_iFlags: 0 ID: -1
m_iFrom: 105 m_iTo: 156 m_dCost: 19.105 m_iFlags: 0 ID: -1
m_iFrom: 106 m_iTo: 105 m_dCost: 18.6815 m_iFlags: 0 ID: -1
m_iFrom: 106 m_iTo: 107 m_dCost: 7.07107 m_iFlags: 0 ID: -1
m_iFrom: 106 m_iTo: 108 m_dCost: 16.2788 m_iFlags: 0 ID: -1
m_iFrom: 106 m_iTo: 109 m_dCost: 27.1662 m_iFlags: 0 ID: -1
m_iFrom: 106 m_iTo: 136 m_dCost: 27.4591 m_iFlags: 0 ID: -1
m_iFrom: 106 m_iTo: 155 m_dCost: 21.6333 m_iFlags: 0 ID: -1
m_iFrom: 106 m_iTo: 156 m_dCost: 19.6469 m_iFlags: 0 ID: -1
m_iFrom: 107 m_iTo: 105 m_dCost: 25.7099 m_iFlags: 0 ID: -1
m_iFrom: 107 m_iTo: 106 m_dCost: 7.07107 m_iFlags: 0 ID: -1
m_iFrom: 107 m_iTo: 108 m_dCost: 9.21954 m_iFlags: 0 ID: -1
m_iFrom: 107 m_iTo: 109 m_dCost: 20.0998 m_iFlags: 0 ID: -1
m_iFrom: 107 m_iTo: 136 m_dCost: 25.2982 m_iFlags: 0 ID: -1
m_iFrom: 107 m_iTo: 155 m_dCost: 28.178 m_iFlags: 0 ID: -1
m_iFrom: 107 m_iTo: 156 m_dCost: 23.3238 m_iFlags: 0 ID: -1
m_iFrom: 108 m_iTo: 106 m_dCost: 16.2788 m_iFlags: 0 ID: -1
m_iFrom: 108 m_iTo: 107 m_dCost: 9.21954 m_iFlags: 0 ID: -1
m_iFrom: 108 m_iTo: 109 m_dCost: 11 m_iFlags: 0 ID: -1
m_iFrom: 108 m_iTo: 136 m_dCost: 26.0192 m_iFlags: 0 ID: -1
m_iFrom: 109 m_iTo: 106 m_dCost: 27.1662 m_iFlags: 0 ID: -1
m_iFrom: 109 m_iTo: 107 m_dCost: 20.0998 m_iFlags: 0 ID: -1
m_iFrom: 109 m_iTo: 108 m_dCost: 11 m_iFlags: 0 ID: -1
m_iFrom: 109 m_iTo: 110 m_dCost: 21 m_iFlags: 0 ID: -1
m_iFrom: 110 m_iTo: 109 m_dCost: 21 m_iFlags: 0 ID: -1
m_iFrom: 110 m_iTo: 111 m_dCost: 13.3417 m_iFlags: 0 ID: -1
m_iFrom: 110 m_iTo: 112 m_dCost: 22.561 m_iFlags: 0 ID: -1
m_iFrom: 110 m_iTo: 135 m_dCost: 28.1603 m_iFlags: 0 ID: -1
m_iFrom: 111 m_iTo: 110 m_dCost: 13.3417 m_iFlags: 0 ID: -1
m_iFrom: 111 m_iTo: 112 m_dCost: 9.21954 m_iFlags: 0 ID: -1
m_iFrom: 111 m_iTo: 113 m_dCost: 18.6815 m_iFlags: 0 ID: -1
m_iFrom: 112 m_iTo: 10 m_dCost: 25.4951 m_iFlags: 0 ID: -1
m_iFrom: 112 m_iTo: 110 m_dCost: 22.561 m_iFlags: 0 ID: -1
m_iFrom: 112 m_iTo: 111 m_dCost: 9.21954 m_iFlags: 0 ID: -1
m_iFrom: 112 m_iTo: 113 m_dCost: 9.48683 m_iFlags: 0 ID: -1
m_iFrom: 112 m_iTo: 114 m_dCost: 25.7099 m_iFlags: 0 ID: -1
m_iFrom: 112 m_iTo: 134 m_dCost: 26.5707 m_iFlags: 0 ID: -1
m_iFrom: 113 m_iTo: 10 m_dCost: 23.4094 m_iFlags: 0 ID: -1
m_iFrom: 113 m_iTo: 111 m_dCost: 18.6815 m_iFlags: 0 ID: -1
m_iFrom: 113 m_iTo: 112 m_dCost: 9.48683 m_iFlags: 0 ID: -1
m_iFrom: 113 m_iTo: 114 m_dCost: 16.2788 m_iFlags: 0 ID: -1
m_iFrom: 113 m_iTo: 134 m_dCost: 22 m_iFlags: 0 ID: -1
m_iFrom: 114 m_iTo: 10 m_dCost: 26.2488 m_iFlags: 0 ID: -1
m_iFrom: 114 m_iTo: 112 m_dCost: 25.7099 m_iFlags: 0 ID: -1
m_iFrom: 114 m_iTo: 113 m_dCost: 16.2788 m_iFlags: 0 ID: -1
m_iFrom: 114 m_iTo: 115 m_dCost: 19.0263 m_iFlags: 0 ID: -1
m_iFrom: 114 m_iTo: 133 m_dCost: 23.3238 m_iFlags: 0 ID: -1
m_iFrom: 114 m_iTo: 134 m_dCost: 24.8395 m_iFlags: 0 ID: -1
m_iFrom: 115 m_iTo: 114 m_dCost: 19.0263 m_iFlags: 0 ID: -1
m_iFrom: 115 m_iTo: 116 m_dCost: 22.8473 m_iFlags: 0 ID: -1
m_iFrom: 115 m_iTo: 132 m_dCost: 25.0599 m_iFlags: 0 ID: -1
m_iFrom: 115 m_iTo: 133 m_dCost: 22.1359 m_iFlags: 0 ID: -1
m_iFrom: 115 m_iTo: 219 m_dCost: 22.2036 m_iFlags: 0 ID: -1
m_iFrom: 116 m_iTo: 115 m_dCost: 22.8473 m_iFlags: 0 ID: -1
m_iFrom: 116 m_iTo: 117 m_dCost: 11.1803 m_iFlags: 0 ID: -1
m_iFrom: 116 m_iTo: 118 m_dCost: 24.1868 m_iFlags: 0 ID: -1
m_iFrom: 116 m_iTo: 219 m_dCost: 22.2036 m_iFlags: 0 ID: -1
m_iFrom: 116 m_iTo: 221 m_dCost: 21.4709 m_iFlags: 0 ID: -1
m_iFrom: 117 m_iTo: 116 m_dCost: 11.1803 m_iFlags: 0 ID: -1
m_iFrom: 117 m_iTo: 118 m_dCost: 13.0384 m_iFlags: 0 ID: -1
m_iFrom: 117 m_iTo: 221 m_dCost: 27.0185 m_iFlags: 0 ID: -1
m_iFrom: 118 m_iTo: 8 m_dCost: 25.807 m_iFlags: 0 ID: -1
m_iFrom: 118 m_iTo: 116 m_dCost: 24.1868 m_iFlags: 0 ID: -1
m_iFrom: 118 m_iTo: 117 m_dCost: 13.0384 m_iFlags: 0 ID: -1
m_iFrom: 118 m_iTo: 119 m_dCost: 21.095 m_iFlags: 0 ID: -1
m_iFrom: 119 m_iTo: 8 m_dCost: 23.7697 m_iFlags: 0 ID: -1
m_iFrom: 119 m_iTo: 118 m_dCost: 21.095 m_iFlags: 0 ID: -1
m_iFrom: 119 m_iTo: 120 m_dCost: 16.0312 m_iFlags: 0 ID: -1
m_iFrom: 120 m_iTo: 119 m_dCost: 16.0312 m_iFlags: 0 ID: -1
m_iFrom: 120 m_iTo: 121 m_dCost: 16.6433 m_iFlags: 0 ID: -1
m_iFrom: 121 m_iTo: 120 m_dCost: 16.6433 m_iFlags: 0 ID: -1
m_iFrom: 121 m_iTo: 122 m_dCost: 15.5242 m_iFlags: 0 ID: -1
m_iFrom: 121 m_iTo: 127 m_dCost: 24.5967 m_iFlags: 0 ID: -1
m_iFrom: 121 m_iTo: 128 m_dCost: 22.3607 m_iFlags: 0 ID: -1
m_iFrom: 122 m_iTo: 121 m_dCost: 15.5242 m_iFlags: 0 ID: -1
m_iFrom: 122 m_iTo: 127 m_dCost: 16.5529 m_iFlags: 0 ID: -1
m_iFrom: 122 m_iTo: 128 m_dCost: 14.8661 m_iFlags: 0 ID: -1
m_iFrom: 122 m_iTo: 129 m_dCost: 26.6833 m_iFlags: 0 ID: -1
m_iFrom: 123 m_iTo: 124 m_dCost: 7 m_iFlags: 0 ID: -1
m_iFrom: 123 m_iTo: 129 m_dCost: 15.0333 m_iFlags: 0 ID: -1
m_iFrom: 124 m_iTo: 1 m_dCost: 27.5136 m_iFlags: 0 ID: -1
m_iFrom: 124 m_iTo: 123 m_dCost: 7 m_iFlags: 0 ID: -1
m_iFrom: 124 m_iTo: 125 m_dCost: 25.2982 m_iFlags: 0 ID: -1
m_iFrom: 124 m_iTo: 129 m_dCost: 17 m_iFlags: 0 ID: -1
m_iFrom: 125 m_iTo: 1 m_dCost: 23.4307 m_iFlags: 0 ID: -1
m_iFrom: 125 m_iTo: 124 m_dCost: 25.2982 m_iFlags: 0 ID: -1
m_iFrom: 125 m_iTo: 126 m_dCost: 14.3178 m_iFlags: 0 ID: -1
m_iFrom: 125 m_iTo: 129 m_dCost: 18.3576 m_iFlags: 0 ID: -1
m_iFrom: 126 m_iTo: 125 m_dCost: 14.3178 m_iFlags: 0 ID: -1
m_iFrom: 126 m_iTo: 127 m_dCost: 22.8035 m_iFlags: 0 ID: -1
m_iFrom: 126 m_iTo: 128 m_dCost: 25 m_iFlags: 0 ID: -1
m_iFrom: 126 m_iTo: 129 m_dCost: 15.2971 m_iFlags: 0 ID: -1
m_iFrom: 126 m_iTo: 130 m_dCost: 19.7231 m_iFlags: 0 ID: -1
m_iFrom: 127 m_iTo: 8 m_dCost: 25.9615 m_iFlags: 0 ID: -1
m_iFrom: 127 m_iTo: 121 m_dCost: 24.5967 m_iFlags: 0 ID: -1
m_iFrom: 127 m_iTo: 122 m_dCost: 16.5529 m_iFlags: 0 ID: -1
m_iFrom: 127 m_iTo: 126 m_dCost: 22.8035 m_iFlags: 0 ID: -1
m_iFrom: 127 m_iTo: 128 m_dCost: 2.23607 m_iFlags: 0 ID: -1
m_iFrom: 127 m_iTo: 129 m_dCost: 21.0238 m_iFlags: 0 ID: -1
m_iFrom: 127 m_iTo: 130 m_dCost: 25.9422 m_iFlags: 0 ID: -1
m_iFrom: 128 m_iTo: 8 m_dCost: 26.4764 m_iFlags: 0 ID: -1
m_iFrom: 128 m_iTo: 121 m_dCost: 22.3607 m_iFlags: 0 ID: -1
m_iFrom: 128 m_iTo: 122 m_dCost: 14.8661 m_iFlags: 0 ID: -1
m_iFrom: 128 m_iTo: 126 m_dCost: 25 m_iFlags: 0 ID: -1
m_iFrom: 128 m_iTo: 127 m_dCost: 2.23607 m_iFlags: 0 ID: -1
m_iFrom: 128 m_iTo: 129 m_dCost: 22.4722 m_iFlags: 0 ID: -1
m_iFrom: 128 m_iTo: 130 m_dCost: 27.7849 m_iFlags: 0 ID: -1
m_iFrom: 129 m_iTo: 122 m_dCost: 26.6833 m_iFlags: 0 ID: -1
m_iFrom: 129 m_iTo: 123 m_dCost: 15.0333 m_iFlags: 0 ID: -1
m_iFrom: 129 m_iTo: 124 m_dCost: 17 m_iFlags: 0 ID: -1
m_iFrom: 129 m_iTo: 125 m_dCost: 18.3576 m_iFlags: 0 ID: -1
m_iFrom: 129 m_iTo: 126 m_dCost: 15.2971 m_iFlags: 0 ID: -1
m_iFrom: 129 m_iTo: 127 m_dCost: 21.0238 m_iFlags: 0 ID: -1
m_iFrom: 129 m_iTo: 128 m_dCost: 22.4722 m_iFlags: 0 ID: -1
m_iFrom: 130 m_iTo: 8 m_dCost: 19.105 m_iFlags: 0 ID: -1
m_iFrom: 130 m_iTo: 126 m_dCost: 19.7231 m_iFlags: 0 ID: -1
m_iFrom: 130 m_iTo: 127 m_dCost: 25.9422 m_iFlags: 0 ID: -1
m_iFrom: 130 m_iTo: 128 m_dCost: 27.7849 m_iFlags: 0 ID: -1
m_iFrom: 130 m_iTo: 196 m_dCost: 24.5967 m_iFlags: 0 ID: -1
m_iFrom: 131 m_iTo: 132 m_dCost: 16.1245 m_iFlags: 0 ID: -1
m_iFrom: 131 m_iTo: 184 m_dCost: 22.8473 m_iFlags: 0 ID: -1
m_iFrom: 131 m_iTo: 196 m_dCost: 19.2094 m_iFlags: 0 ID: -1
m_iFrom: 132 m_iTo: 115 m_dCost: 25.0599 m_iFlags: 0 ID: -1
m_iFrom: 132 m_iTo: 131 m_dCost: 16.1245 m_iFlags: 0 ID: -1
m_iFrom: 132 m_iTo: 133 m_dCost: 19.0263 m_iFlags: 0 ID: -1
m_iFrom: 132 m_iTo: 184 m_dCost: 24.0416 m_iFlags: 0 ID: -1
m_iFrom: 133 m_iTo: 114 m_dCost: 23.3238 m_iFlags: 0 ID: -1
m_iFrom: 133 m_iTo: 115 m_dCost: 22.1359 m_iFlags: 0 ID: -1
m_iFrom: 133 m_iTo: 132 m_dCost: 19.0263 m_iFlags: 0 ID: -1
m_iFrom: 133 m_iTo: 134 m_dCost: 28.0179 m_iFlags: 0 ID: -1
m_iFrom: 133 m_iTo: 185 m_dCost: 24.5967 m_iFlags: 0 ID: -1
m_iFrom: 134 m_iTo: 56 m_dCost: 27.7308 m_iFlags: 0 ID: -1
m_iFrom: 134 m_iTo: 57 m_dCost: 14.2127 m_iFlags: 0 ID: -1
m_iFrom: 134 m_iTo: 112 m_dCost: 26.5707 m_iFlags: 0 ID: -1
m_iFrom: 134 m_iTo: 113 m_dCost: 22 m_iFlags: 0 ID: -1
m_iFrom: 134 m_iTo: 114 m_dCost: 24.8395 m_iFlags: 0 ID: -1
m_iFrom: 134 m_iTo: 133 m_dCost: 28.0179 m_iFlags: 0 ID: -1
m_iFrom: 135 m_iTo: 58 m_dCost: 6.40312 m_iFlags: 0 ID: -1
m_iFrom: 135 m_iTo: 110 m_dCost: 28.1603 m_iFlags: 0 ID: -1
m_iFrom: 135 m_iTo: 136 m_dCost: 25.02 m_iFlags: 0 ID: -1
m_iFrom: 136 m_iTo: 106 m_dCost: 27.4591 m_iFlags: 0 ID: -1
m_iFrom: 136 m_iTo: 107 m_dCost: 25.2982 m_iFlags: 0 ID: -1
m_iFrom: 136 m_iTo: 108 m_dCost: 26.0192 m_iFlags: 0 ID: -1
m_iFrom: 136 m_iTo: 135 m_dCost: 25.02 m_iFlags: 0 ID: -1
m_iFrom: 136 m_iTo: 137 m_dCost: 17.088 m_iFlags: 0 ID: -1
m_iFrom: 136 m_iTo: 138 m_dCost: 21.6333 m_iFlags: 0 ID: -1
m_iFrom: 136 m_iTo: 156 m_dCost: 20.3961 m_iFlags: 0 ID: -1
m_iFrom: 137 m_iTo: 2 m_dCost: 19.6469 m_iFlags: 0 ID: -1
m_iFrom: 137 m_iTo: 136 m_dCost: 17.088 m_iFlags: 0 ID: -1
m_iFrom: 137 m_iTo: 138 m_dCost: 6.32456 m_iFlags: 0 ID: -1
m_iFrom: 137 m_iTo: 139 m_dCost: 23.8537 m_iFlags: 0 ID: -1
m_iFrom: 137 m_iTo: 155 m_dCost: 24.0416 m_iFlags: 0 ID: -1
m_iFrom: 137 m_iTo: 156 m_dCost: 10.7703 m_iFlags: 0 ID: -1
m_iFrom: 138 m_iTo: 2 m_dCost: 17.0294 m_iFlags: 0 ID: -1
m_iFrom: 138 m_iTo: 136 m_dCost: 21.6333 m_iFlags: 0 ID: -1
m_iFrom: 138 m_iTo: 137 m_dCost: 6.32456 m_iFlags: 0 ID: -1
m_iFrom: 138 m_iTo: 139 m_dCost: 17.8045 m_iFlags: 0 ID: -1
m_iFrom: 138 m_iTo: 155 m_dCost: 27.4591 m_iFlags: 0 ID: -1
m_iFrom: 138 m_iTo: 156 m_dCost: 16.1245 m_iFlags: 0 ID: -1
m_iFrom: 139 m_iTo: 2 m_dCost: 16.1555 m_iFlags: 0 ID: -1
m_iFrom: 139 m_iTo: 60 m_dCost: 25.807 m_iFlags: 0 ID: -1
m_iFrom: 139 m_iTo: 61 m_dCost: 26.6833 m_iFlags: 0 ID: -1
m_iFrom: 139 m_iTo: 137 m_dCost: 23.8537 m_iFlags: 0 ID: -1
m_iFrom: 139 m_iTo: 138 m_dCost: 17.8045 m_iFlags: 0 ID: -1
m_iFrom: 139 m_iTo: 140 m_dCost: 24.0832 m_iFlags: 0 ID: -1
m_iFrom: 139 m_iTo: 144 m_dCost: 25.7099 m_iFlags: 0 ID: -1
m_iFrom: 140 m_iTo: 61 m_dCost: 26 m_iFlags: 0 ID: -1
m_iFrom: 140 m_iTo: 77 m_dCost: 20 m_iFlags: 0 ID: -1
m_iFrom: 140 m_iTo: 139 m_dCost: 24.0832 m_iFlags: 0 ID: -1
m_iFrom: 140 m_iTo: 141 m_dCost: 9.43398 m_iFlags: 0 ID: -1
m_iFrom: 140 m_iTo: 142 m_dCost: 12 m_iFlags: 0 ID: -1
m_iFrom: 140 m_iTo: 143 m_dCost: 16.2788 m_iFlags: 0 ID: -1
m_iFrom: 140 m_iTo: 144 m_dCost: 23.0868 m_iFlags: 0 ID: -1
m_iFrom: 140 m_iTo: 146 m_dCost: 23.4094 m_iFlags: 0 ID: -1
m_iFrom: 141 m_iTo: 77 m_dCost: 11.7047 m_iFlags: 0 ID: -1
m_iFrom: 141 m_iTo: 78 m_dCost: 27.6586 m_iFlags: 0 ID: -1
m_iFrom: 141 m_iTo: 140 m_dCost: 9.43398 m_iFlags: 0 ID: -1
m_iFrom: 141 m_iTo: 142 m_dCost: 6.40312 m_iFlags: 0 ID: -1
m_iFrom: 141 m_iTo: 143 m_dCost: 17.2627 m_iFlags: 0 ID: -1
m_iFrom: 141 m_iTo: 144 m_dCost: 27.0185 m_iFlags: 0 ID: -1
m_iFrom: 141 m_iTo: 146 m_dCost: 19.105 m_iFlags: 0 ID: -1
m_iFrom: 142 m_iTo: 77 m_dCost: 16 m_iFlags: 0 ID: -1
m_iFrom: 142 m_iTo: 140 m_dCost: 12 m_iFlags: 0 ID: -1
m_iFrom: 142 m_iTo: 141 m_dCost: 6.40312 m_iFlags: 0 ID: -1
m_iFrom: 142 m_iTo: 143 m_dCost: 12.0416 m_iFlags: 0 ID: -1
m_iFrom: 142 m_iTo: 144 m_dCost: 22.561 m_iFlags: 0 ID: -1
m_iFrom: 142 m_iTo: 145 m_dCost: 26 m_iFlags: 0 ID: -1
m_iFrom: 142 m_iTo: 146 m_dCost: 12.8062 m_iFlags: 0 ID: -1
m_iFrom: 142 m_iTo: 147 m_dCost: 26.2488 m_iFlags: 0 ID: -1
m_iFrom: 143 m_iTo: 77 m_dCost: 28.0179 m_iFlags: 0 ID: -1
m_iFrom: 143 m_iTo: 101 m_dCost: 24.6982 m_iFlags: 0 ID: -1
m_iFrom: 143 m_iTo: 140 m_dCost: 16.2788 m_iFlags: 0 ID: -1
m_iFrom: 143 m_iTo: 141 m_dCost: 17.2627 m_iFlags: 0 ID: -1
m_iFrom: 143 m_iTo: 142 m_dCost: 12.0416 m_iFlags: 0 ID: -1
m_iFrom: 143 m_iTo: 144 m_dCost: 10.7703 m_iFlags: 0 ID: -1
m_iFrom: 143 m_iTo: 145 m_dCost: 14.0357 m_iFlags: 0 ID: -1
m_iFrom: 143 m_iTo: 146 m_dCost: 11.7047 m_iFlags: 0 ID: -1
m_iFrom: 144 m_iTo: 2 m_dCost: 21.0238 m_iFlags: 0 ID: -1
m_iFrom: 144 m_iTo: 101 m_dCost: 27.0185 m_iFlags: 0 ID: -1
m_iFrom: 144 m_iTo: 102 m_dCost: 27.8029 m_iFlags: 0 ID: -1
m_iFrom: 144 m_iTo: 139 m_dCost: 25.7099 m_iFlags: 0 ID: -1
m_iFrom: 144 m_iTo: 140 m_dCost: 23.0868 m_iFlags: 0 ID: -1
m_iFrom: 144 m_iTo: 141 m_dCost: 27.0185 m_iFlags: 0 ID: -1
m_iFrom: 144 m_iTo: 142 m_dCost: 22.561 m_iFlags: 0 ID: -1
m_iFrom: 144 m_iTo: 143 m_dCost: 10.7703 m_iFlags: 0 ID: -1
m_iFrom: 144 m_iTo: 145 m_dCost: 6.40312 m_iFlags: 0 ID: -1
m_iFrom: 144 m_iTo: 146 m_dCost: 20.5183 m_iFlags: 0 ID: -1
m_iFrom: 145 m_iTo: 2 m_dCost: 24.5153 m_iFlags: 0 ID: -1
m_iFrom: 145 m_iTo: 101 m_dCost: 22.561 m_iFlags: 0 ID: -1
m_iFrom: 145 m_iTo: 102 m_dCost: 21.6333 m_iFlags: 0 ID: -1
m_iFrom: 145 m_iTo: 103 m_dCost: 24.0832 m_iFlags: 0 ID: -1
m_iFrom: 145 m_iTo: 104 m_dCost: 28.1603 m_iFlags: 0 ID: -1
m_iFrom: 145 m_iTo: 142 m_dCost: 26 m_iFlags: 0 ID: -1
m_iFrom: 145 m_iTo: 143 m_dCost: 14.0357 m_iFlags: 0 ID: -1
m_iFrom: 145 m_iTo: 144 m_dCost: 6.40312 m_iFlags: 0 ID: -1
m_iFrom: 145 m_iTo: 146 m_dCost: 20.5913 m_iFlags: 0 ID: -1
m_iFrom: 146 m_iTo: 77 m_dCost: 26 m_iFlags: 0 ID: -1
m_iFrom: 146 m_iTo: 101 m_dCost: 17.6918 m_iFlags: 0 ID: -1
m_iFrom: 146 m_iTo: 140 m_dCost: 23.4094 m_iFlags: 0 ID: -1
m_iFrom: 146 m_iTo: 141 m_dCost: 19.105 m_iFlags: 0 ID: -1
m_iFrom: 146 m_iTo: 142 m_dCost: 12.8062 m_iFlags: 0 ID: -1
m_iFrom: 146 m_iTo: 143 m_dCost: 11.7047 m_iFlags: 0 ID: -1
m_iFrom: 146 m_iTo: 144 m_dCost: 20.5183 m_iFlags: 0 ID: -1
m_iFrom: 146 m_iTo: 145 m_dCost: 20.5913 m_iFlags: 0 ID: -1
m_iFrom: 146 m_iTo: 147 m_dCost: 21.9317 m_iFlags: 0 ID: -1
m_iFrom: 146 m_iTo: 148 m_dCost: 25.9615 m_iFlags: 0 ID: -1
m_iFrom: 146 m_iTo: 149 m_dCost: 25.1794 m_iFlags: 0 ID: -1
m_iFrom: 146 m_iTo: 150 m_dCost: 27.6586 m_iFlags: 0 ID: -1
m_iFrom: 147 m_iTo: 77 m_dCost: 26.2488 m_iFlags: 0 ID: -1
m_iFrom: 147 m_iTo: 78 m_dCost: 17 m_iFlags: 0 ID: -1
m_iFrom: 147 m_iTo: 80 m_dCost: 18.9737 m_iFlags: 0 ID: -1
m_iFrom: 147 m_iTo: 83 m_dCost: 19.105 m_iFlags: 0 ID: -1
m_iFrom: 147 m_iTo: 100 m_dCost: 9.21954 m_iFlags: 0 ID: -1
m_iFrom: 147 m_iTo: 142 m_dCost: 26.2488 m_iFlags: 0 ID: -1
m_iFrom: 147 m_iTo: 146 m_dCost: 21.9317 m_iFlags: 0 ID: -1
m_iFrom: 147 m_iTo: 148 m_dCost: 13.4536 m_iFlags: 0 ID: -1
m_iFrom: 147 m_iTo: 149 m_dCost: 21.4709 m_iFlags: 0 ID: -1
m_iFrom: 148 m_iTo: 80 m_dCost: 27.2947 m_iFlags: 0 ID: -1
m_iFrom: 148 m_iTo: 81 m_dCost: 25.0799 m_iFlags: 0 ID: -1
m_iFrom: 148 m_iTo: 83 m_dCost: 11.4018 m_iFlags: 0 ID: -1
m_iFrom: 148 m_iTo: 100 m_dCost: 11.0454 m_iFlags: 0 ID: -1
m_iFrom: 148 m_iTo: 101 m_dCost: 23.8537 m_iFlags: 0 ID: -1
m_iFrom: 148 m_iTo: 146 m_dCost: 25.9615 m_iFlags: 0 ID: -1
m_iFrom: 148 m_iTo: 147 m_dCost: 13.4536 m_iFlags: 0 ID: -1
m_iFrom: 148 m_iTo: 149 m_dCost: 10 m_iFlags: 0 ID: -1
m_iFrom: 148 m_iTo: 150 m_dCost: 25.318 m_iFlags: 0 ID: -1
m_iFrom: 149 m_iTo: 81 m_dCost: 23 m_iFlags: 0 ID: -1
m_iFrom: 149 m_iTo: 83 m_dCost: 19.2354 m_iFlags: 0 ID: -1
m_iFrom: 149 m_iTo: 100 m_dCost: 21.0238 m_iFlags: 0 ID: -1
m_iFrom: 149 m_iTo: 101 m_dCost: 16.4012 m_iFlags: 0 ID: -1
m_iFrom: 149 m_iTo: 146 m_dCost: 25.1794 m_iFlags: 0 ID: -1
m_iFrom: 149 m_iTo: 147 m_dCost: 21.4709 m_iFlags: 0 ID: -1
m_iFrom: 149 m_iTo: 148 m_dCost: 10 m_iFlags: 0 ID: -1
m_iFrom: 149 m_iTo: 150 m_dCost: 15.5242 m_iFlags: 0 ID: -1
m_iFrom: 150 m_iTo: 101 m_dCost: 10.2956 m_iFlags: 0 ID: -1
m_iFrom: 150 m_iTo: 102 m_dCost: 26.1725 m_iFlags: 0 ID: -1
m_iFrom: 150 m_iTo: 146 m_dCost: 27.6586 m_iFlags: 0 ID: -1
m_iFrom: 150 m_iTo: 148 m_dCost: 25.318 m_iFlags: 0 ID: -1
m_iFrom: 150 m_iTo: 149 m_dCost: 15.5242 m_iFlags: 0 ID: -1
m_iFrom: 150 m_iTo: 151 m_dCost: 18.0278 m_iFlags: 0 ID: -1
m_iFrom: 150 m_iTo: 152 m_dCost: 23.7697 m_iFlags: 0 ID: -1
m_iFrom: 151 m_iTo: 101 m_dCost: 24.3516 m_iFlags: 0 ID: -1
m_iFrom: 151 m_iTo: 102 m_dCost: 18 m_iFlags: 0 ID: -1
m_iFrom: 151 m_iTo: 150 m_dCost: 18.0278 m_iFlags: 0 ID: -1
m_iFrom: 151 m_iTo: 152 m_dCost: 8.94427 m_iFlags: 0 ID: -1
m_iFrom: 152 m_iTo: 101 m_dCost: 27 m_iFlags: 0 ID: -1
m_iFrom: 152 m_iTo: 102 m_dCost: 10.7703 m_iFlags: 0 ID: -1
m_iFrom: 152 m_iTo: 103 m_dCost: 20.0998 m_iFlags: 0 ID: -1
m_iFrom: 152 m_iTo: 150 m_dCost: 23.7697 m_iFlags: 0 ID: -1
m_iFrom: 152 m_iTo: 151 m_dCost: 8.94427 m_iFlags: 0 ID: -1
m_iFrom: 152 m_iTo: 153 m_dCost: 21.9545 m_iFlags: 0 ID: -1
m_iFrom: 153 m_iTo: 102 m_dCost: 17.4929 m_iFlags: 0 ID: -1
m_iFrom: 153 m_iTo: 103 m_dCost: 9.05539 m_iFlags: 0 ID: -1
m_iFrom: 153 m_iTo: 104 m_dCost: 12.53 m_iFlags: 0 ID: -1
m_iFrom: 153 m_iTo: 152 m_dCost: 21.9545 m_iFlags: 0 ID: -1
m_iFrom: 153 m_iTo: 154 m_dCost: 18.1108 m_iFlags: 0 ID: -1
m_iFrom: 154 m_iTo: 103 m_dCost: 20.2485 m_iFlags: 0 ID: -1
m_iFrom: 154 m_iTo: 104 m_dCost: 10.6301 m_iFlags: 0 ID: -1
m_iFrom: 154 m_iTo: 105 m_dCost: 11.0454 m_iFlags: 0 ID: -1
m_iFrom: 154 m_iTo: 153 m_dCost: 18.1108 m_iFlags: 0 ID: -1
m_iFrom: 154 m_iTo: 155 m_dCost: 13.6015 m_iFlags: 0 ID: -1
m_iFrom: 155 m_iTo: 2 m_dCost: 22.0907 m_iFlags: 0 ID: -1
m_iFrom: 155 m_iTo: 103 m_dCost: 28.1603 m_iFlags: 0 ID: -1
m_iFrom: 155 m_iTo: 104 m_dCost: 18 m_iFlags: 0 ID: -1
m_iFrom: 155 m_iTo: 105 m_dCost: 7 m_iFlags: 0 ID: -1
m_iFrom: 155 m_iTo: 106 m_dCost: 21.6333 m_iFlags: 0 ID: -1
m_iFrom: 155 m_iTo: 107 m_dCost: 28.178 m_iFlags: 0 ID: -1
m_iFrom: 155 m_iTo: 137 m_dCost: 24.0416 m_iFlags: 0 ID: -1
m_iFrom: 155 m_iTo: 138 m_dCost: 27.4591 m_iFlags: 0 ID: -1
m_iFrom: 155 m_iTo: 154 m_dCost: 13.6015 m_iFlags: 0 ID: -1
m_iFrom: 155 m_iTo: 156 m_dCost: 14.7648 m_iFlags: 0 ID: -1
m_iFrom: 156 m_iTo: 2 m_dCost: 21.2132 m_iFlags: 0 ID: -1
m_iFrom: 156 m_iTo: 105 m_dCost: 19.105 m_iFlags: 0 ID: -1
m_iFrom: 156 m_iTo: 106 m_dCost: 19.6469 m_iFlags: 0 ID: -1
m_iFrom: 156 m_iTo: 107 m_dCost: 23.3238 m_iFlags: 0 ID: -1
m_iFrom: 156 m_iTo: 136 m_dCost: 20.3961 m_iFlags: 0 ID: -1
m_iFrom: 156 m_iTo: 137 m_dCost: 10.7703 m_iFlags: 0 ID: -1
m_iFrom: 156 m_iTo: 138 m_dCost: 16.1245 m_iFlags: 0 ID: -1
m_iFrom: 156 m_iTo: 155 m_dCost: 14.7648 m_iFlags: 0 ID: -1
m_iFrom: 157 m_iTo: 30 m_dCost: 14.0357 m_iFlags: 0 ID: -1
m_iFrom: 157 m_iTo: 33 m_dCost: 19.4165 m_iFlags: 0 ID: -1
m_iFrom: 157 m_iTo: 46 m_dCost: 27.5862 m_iFlags: 0 ID: -1
m_iFrom: 157 m_iTo: 158 m_dCost: 27.0185 m_iFlags: 0 ID: -1
m_iFrom: 157 m_iTo: 190 m_dCost: 17.2627 m_iFlags: 0 ID: -1
m_iFrom: 158 m_iTo: 6 m_dCost: 25.0799 m_iFlags: 0 ID: -1
m_iFrom: 158 m_iTo: 157 m_dCost: 27.0185 m_iFlags: 0 ID: -1
m_iFrom: 158 m_iTo: 159 m_dCost: 26.9258 m_iFlags: 0 ID: -1
m_iFrom: 159 m_iTo: 6 m_dCost: 23.7065 m_iFlags: 0 ID: -1
m_iFrom: 159 m_iTo: 158 m_dCost: 26.9258 m_iFlags: 0 ID: -1
m_iFrom: 159 m_iTo: 160 m_dCost: 20.5183 m_iFlags: 0 ID: -1
m_iFrom: 159 m_iTo: 220 m_dCost: 21.1896 m_iFlags: 0 ID: -1
m_iFrom: 160 m_iTo: 159 m_dCost: 20.5183 m_iFlags: 0 ID: -1
m_iFrom: 160 m_iTo: 169 m_dCost: 25.4558 m_iFlags: 0 ID: -1
m_iFrom: 160 m_iTo: 170 m_dCost: 26.4008 m_iFlags: 0 ID: -1
m_iFrom: 160 m_iTo: 220 m_dCost: 21.587 m_iFlags: 0 ID: -1
m_iFrom: 161 m_iTo: 162 m_dCost: 11.1803 m_iFlags: 0 ID: -1
m_iFrom: 161 m_iTo: 169 m_dCost: 12.6491 m_iFlags: 0 ID: -1
m_iFrom: 162 m_iTo: 161 m_dCost: 11.1803 m_iFlags: 0 ID: -1
m_iFrom: 162 m_iTo: 163 m_dCost: 27.1662 m_iFlags: 0 ID: -1
m_iFrom: 162 m_iTo: 169 m_dCost: 23.0868 m_iFlags: 0 ID: -1
m_iFrom: 162 m_iTo: 178 m_dCost: 27.2029 m_iFlags: 0 ID: -1
m_iFrom: 162 m_iTo: 179 m_dCost: 26.6833 m_iFlags: 0 ID: -1
m_iFrom: 163 m_iTo: 162 m_dCost: 27.1662 m_iFlags: 0 ID: -1
m_iFrom: 163 m_iTo: 168 m_dCost: 22.8254 m_iFlags: 0 ID: -1
m_iFrom: 163 m_iTo: 178 m_dCost: 13.9284 m_iFlags: 0 ID: -1
m_iFrom: 164 m_iTo: 165 m_dCost: 23.0868 m_iFlags: 0 ID: -1
m_iFrom: 164 m_iTo: 167 m_dCost: 19.0263 m_iFlags: 0 ID: -1
m_iFrom: 164 m_iTo: 199 m_dCost: 23.0868 m_iFlags: 0 ID: -1
m_iFrom: 165 m_iTo: 164 m_dCost: 23.0868 m_iFlags: 0 ID: -1
m_iFrom: 165 m_iTo: 166 m_dCost: 27.7308 m_iFlags: 0 ID: -1
m_iFrom: 165 m_iTo: 198 m_dCost: 12.083 m_iFlags: 0 ID: -1
m_iFrom: 166 m_iTo: 165 m_dCost: 27.7308 m_iFlags: 0 ID: -1
m_iFrom: 166 m_iTo: 176 m_dCost: 16.2788 m_iFlags: 0 ID: -1
m_iFrom: 166 m_iTo: 177 m_dCost: 21.3776 m_iFlags: 0 ID: -1
m_iFrom: 166 m_iTo: 193 m_dCost: 20.2485 m_iFlags: 0 ID: -1
m_iFrom: 166 m_iTo: 197 m_dCost: 27.8568 m_iFlags: 0 ID: -1
m_iFrom: 167 m_iTo: 164 m_dCost: 19.0263 m_iFlags: 0 ID: -1
m_iFrom: 167 m_iTo: 168 m_dCost: 21.4709 m_iFlags: 0 ID: -1
m_iFrom: 167 m_iTo: 177 m_dCost: 15.2643 m_iFlags: 0 ID: -1
m_iFrom: 167 m_iTo: 194 m_dCost: 23.3452 m_iFlags: 0 ID: -1
m_iFrom: 168 m_iTo: 163 m_dCost: 22.8254 m_iFlags: 0 ID: -1
m_iFrom: 168 m_iTo: 167 m_dCost: 21.4709 m_iFlags: 0 ID: -1
m_iFrom: 168 m_iTo: 178 m_dCost: 25.0799 m_iFlags: 0 ID: -1
m_iFrom: 168 m_iTo: 194 m_dCost: 26.4197 m_iFlags: 0 ID: -1
m_iFrom: 168 m_iTo: 201 m_dCost: 27.0185 m_iFlags: 0 ID: -1
m_iFrom: 169 m_iTo: 160 m_dCost: 25.4558 m_iFlags: 0 ID: -1
m_iFrom: 169 m_iTo: 161 m_dCost: 12.6491 m_iFlags: 0 ID: -1
m_iFrom: 169 m_iTo: 162 m_dCost: 23.0868 m_iFlags: 0 ID: -1
m_iFrom: 169 m_iTo: 173 m_dCost: 28.1603 m_iFlags: 0 ID: -1
m_iFrom: 169 m_iTo: 174 m_dCost: 27.2029 m_iFlags: 0 ID: -1
m_iFrom: 170 m_iTo: 160 m_dCost: 26.4008 m_iFlags: 0 ID: -1
m_iFrom: 170 m_iTo: 174 m_dCost: 20.6155 m_iFlags: 0 ID: -1
m_iFrom: 170 m_iTo: 188 m_dCost: 26.6833 m_iFlags: 0 ID: -1
m_iFrom: 170 m_iTo: 189 m_dCost: 26.0768 m_iFlags: 0 ID: -1
m_iFrom: 171 m_iTo: 172 m_dCost: 27.5136 m_iFlags: 0 ID: -1
m_iFrom: 171 m_iTo: 174 m_dCost: 19.2094 m_iFlags: 0 ID: -1
m_iFrom: 171 m_iTo: 188 m_dCost: 8.60233 m_iFlags: 0 ID: -1
m_iFrom: 171 m_iTo: 191 m_dCost: 17.0294 m_iFlags: 0 ID: -1
m_iFrom: 172 m_iTo: 171 m_dCost: 27.5136 m_iFlags: 0 ID: -1
m_iFrom: 172 m_iTo: 173 m_dCost: 18.6815 m_iFlags: 0 ID: -1
m_iFrom: 172 m_iTo: 174 m_dCost: 27.7849 m_iFlags: 0 ID: -1
m_iFrom: 172 m_iTo: 180 m_dCost: 12.8062 m_iFlags: 0 ID: -1
m_iFrom: 172 m_iTo: 181 m_dCost: 20 m_iFlags: 0 ID: -1
m_iFrom: 172 m_iTo: 187 m_dCost: 26.6833 m_iFlags: 0 ID: -1
m_iFrom: 172 m_iTo: 191 m_dCost: 28.1603 m_iFlags: 0 ID: -1
m_iFrom: 173 m_iTo: 169 m_dCost: 28.1603 m_iFlags: 0 ID: -1
m_iFrom: 173 m_iTo: 172 m_dCost: 18.6815 m_iFlags: 0 ID: -1
m_iFrom: 173 m_iTo: 174 m_dCost: 19.9249 m_iFlags: 0 ID: -1
m_iFrom: 173 m_iTo: 179 m_dCost: 14.5602 m_iFlags: 0 ID: -1
m_iFrom: 173 m_iTo: 180 m_dCost: 28.1603 m_iFlags: 0 ID: -1
m_iFrom: 174 m_iTo: 169 m_dCost: 27.2029 m_iFlags: 0 ID: -1
m_iFrom: 174 m_iTo: 170 m_dCost: 20.6155 m_iFlags: 0 ID: -1
m_iFrom: 174 m_iTo: 171 m_dCost: 19.2094 m_iFlags: 0 ID: -1
m_iFrom: 174 m_iTo: 172 m_dCost: 27.7849 m_iFlags: 0 ID: -1
m_iFrom: 174 m_iTo: 173 m_dCost: 19.9249 m_iFlags: 0 ID: -1
m_iFrom: 174 m_iTo: 188 m_dCost: 21.4709 m_iFlags: 0 ID: -1
m_iFrom: 175 m_iTo: 11 m_dCost: 27.0185 m_iFlags: 0 ID: -1
m_iFrom: 175 m_iTo: 180 m_dCost: 20.6155 m_iFlags: 0 ID: -1
m_iFrom: 175 m_iTo: 192 m_dCost: 23.7697 m_iFlags: 0 ID: -1
m_iFrom: 176 m_iTo: 166 m_dCost: 16.2788 m_iFlags: 0 ID: -1
m_iFrom: 176 m_iTo: 177 m_dCost: 21.6333 m_iFlags: 0 ID: -1
m_iFrom: 176 m_iTo: 192 m_dCost: 27.313 m_iFlags: 0 ID: -1
m_iFrom: 176 m_iTo: 193 m_dCost: 5 m_iFlags: 0 ID: -1
m_iFrom: 176 m_iTo: 194 m_dCost: 27.1662 m_iFlags: 0 ID: -1
m_iFrom: 176 m_iTo: 195 m_dCost: 24.3311 m_iFlags: 0 ID: -1
m_iFrom: 177 m_iTo: 166 m_dCost: 21.3776 m_iFlags: 0 ID: -1
m_iFrom: 177 m_iTo: 167 m_dCost: 15.2643 m_iFlags: 0 ID: -1
m_iFrom: 177 m_iTo: 176 m_dCost: 21.6333 m_iFlags: 0 ID: -1
m_iFrom: 177 m_iTo: 193 m_dCost: 20.5183 m_iFlags: 0 ID: -1
m_iFrom: 177 m_iTo: 194 m_dCost: 17.4929 m_iFlags: 0 ID: -1
m_iFrom: 178 m_iTo: 11 m_dCost: 16.1245 m_iFlags: 0 ID: -1
m_iFrom: 178 m_iTo: 162 m_dCost: 27.2029 m_iFlags: 0 ID: -1
m_iFrom: 178 m_iTo: 163 m_dCost: 13.9284 m_iFlags: 0 ID: -1
m_iFrom: 178 m_iTo: 168 m_dCost: 25.0799 m_iFlags: 0 ID: -1
m_iFrom: 178 m_iTo: 194 m_dCost: 24.1868 m_iFlags: 0 ID: -1
m_iFrom: 179 m_iTo: 11 m_dCost: 26.6833 m_iFlags: 0 ID: -1
m_iFrom: 179 m_iTo: 162 m_dCost: 26.6833 m_iFlags: 0 ID: -1
m_iFrom: 179 m_iTo: 173 m_dCost: 14.5602 m_iFlags: 0 ID: -1
m_iFrom: 180 m_iTo: 172 m_dCost: 12.8062 m_iFlags: 0 ID: -1
m_iFrom: 180 m_iTo: 173 m_dCost: 28.1603 m_iFlags: 0 ID: -1
m_iFrom: 180 m_iTo: 175 m_dCost: 20.6155 m_iFlags: 0 ID: -1
m_iFrom: 180 m_iTo: 181 m_dCost: 12.8062 m_iFlags: 0 ID: -1
m_iFrom: 180 m_iTo: 187 m_dCost: 21.2603 m_iFlags: 0 ID: -1
m_iFrom: 181 m_iTo: 172 m_dCost: 20 m_iFlags: 0 ID: -1
m_iFrom: 181 m_iTo: 180 m_dCost: 12.8062 m_iFlags: 0 ID: -1
m_iFrom: 181 m_iTo: 182 m_dCost: 27.2029 m_iFlags: 0 ID: -1
m_iFrom: 181 m_iTo: 186 m_dCost: 23.0217 m_iFlags: 0 ID: -1
m_iFrom: 181 m_iTo: 187 m_dCost: 8.48528 m_iFlags: 0 ID: -1
m_iFrom: 182 m_iTo: 181 m_dCost: 27.2029 m_iFlags: 0 ID: -1
m_iFrom: 182 m_iTo: 183 m_dCost: 24.0416 m_iFlags: 0 ID: -1
m_iFrom: 182 m_iTo: 185 m_dCost: 19.0263 m_iFlags: 0 ID: -1
m_iFrom: 182 m_iTo: 186 m_dCost: 15.0333 m_iFlags: 0 ID: -1
m_iFrom: 182 m_iTo: 187 m_dCost: 27.2029 m_iFlags: 0 ID: -1
m_iFrom: 182 m_iTo: 192 m_dCost: 25.807 m_iFlags: 0 ID: -1
m_iFrom: 183 m_iTo: 182 m_dCost: 24.0416 m_iFlags: 0 ID: -1
m_iFrom: 183 m_iTo: 184 m_dCost: 18.0278 m_iFlags: 0 ID: -1
m_iFrom: 183 m_iTo: 185 m_dCost: 25.0599 m_iFlags: 0 ID: -1
m_iFrom: 183 m_iTo: 192 m_dCost: 22.0907 m_iFlags: 0 ID: -1
m_iFrom: 183 m_iTo: 195 m_dCost: 21.0238 m_iFlags: 0 ID: -1
m_iFrom: 184 m_iTo: 131 m_dCost: 22.8473 m_iFlags: 0 ID: -1
m_iFrom: 184 m_iTo: 132 m_dCost: 24.0416 m_iFlags: 0 ID: -1
m_iFrom: 184 m_iTo: 183 m_dCost: 18.0278 m_iFlags: 0 ID: -1
m_iFrom: 184 m_iTo: 195 m_dCost: 19.4165 m_iFlags: 0 ID: -1
m_iFrom: 184 m_iTo: 196 m_dCost: 21.8403 m_iFlags: 0 ID: -1
m_iFrom: 185 m_iTo: 133 m_dCost: 24.5967 m_iFlags: 0 ID: -1
m_iFrom: 185 m_iTo: 182 m_dCost: 19.0263 m_iFlags: 0 ID: -1
m_iFrom: 185 m_iTo: 183 m_dCost: 25.0599 m_iFlags: 0 ID: -1
m_iFrom: 185 m_iTo: 186 m_dCost: 24.0832 m_iFlags: 0 ID: -1
m_iFrom: 186 m_iTo: 55 m_dCost: 20.8806 m_iFlags: 0 ID: -1
m_iFrom: 186 m_iTo: 56 m_dCost: 20.6155 m_iFlags: 0 ID: -1
m_iFrom: 186 m_iTo: 181 m_dCost: 23.0217 m_iFlags: 0 ID: -1
m_iFrom: 186 m_iTo: 182 m_dCost: 15.0333 m_iFlags: 0 ID: -1
m_iFrom: 186 m_iTo: 185 m_dCost: 24.0832 m_iFlags: 0 ID: -1
m_iFrom: 186 m_iTo: 187 m_dCost: 18.3848 m_iFlags: 0 ID: -1
m_iFrom: 187 m_iTo: 54 m_dCost: 26.0768 m_iFlags: 0 ID: -1
m_iFrom: 187 m_iTo: 55 m_dCost: 26.4197 m_iFlags: 0 ID: -1
m_iFrom: 187 m_iTo: 172 m_dCost: 26.6833 m_iFlags: 0 ID: -1
m_iFrom: 187 m_iTo: 180 m_dCost: 21.2603 m_iFlags: 0 ID: -1
m_iFrom: 187 m_iTo: 181 m_dCost: 8.48528 m_iFlags: 0 ID: -1
m_iFrom: 187 m_iTo: 182 m_dCost: 27.2029 m_iFlags: 0 ID: -1
m_iFrom: 187 m_iTo: 186 m_dCost: 18.3848 m_iFlags: 0 ID: -1
m_iFrom: 187 m_iTo: 191 m_dCost: 27.6586 m_iFlags: 0 ID: -1
m_iFrom: 188 m_iTo: 51 m_dCost: 27.8927 m_iFlags: 0 ID: -1
m_iFrom: 188 m_iTo: 170 m_dCost: 26.6833 m_iFlags: 0 ID: -1
m_iFrom: 188 m_iTo: 171 m_dCost: 8.60233 m_iFlags: 0 ID: -1
m_iFrom: 188 m_iTo: 174 m_dCost: 21.4709 m_iFlags: 0 ID: -1
m_iFrom: 188 m_iTo: 191 m_dCost: 22.8035 m_iFlags: 0 ID: -1
m_iFrom: 189 m_iTo: 6 m_dCost: 25.02 m_iFlags: 0 ID: -1
m_iFrom: 189 m_iTo: 49 m_dCost: 22.561 m_iFlags: 0 ID: -1
m_iFrom: 189 m_iTo: 50 m_dCost: 25.9422 m_iFlags: 0 ID: -1
m_iFrom: 189 m_iTo: 170 m_dCost: 26.0768 m_iFlags: 0 ID: -1
m_iFrom: 190 m_iTo: 6 m_dCost: 27.5136 m_iFlags: 0 ID: -1
m_iFrom: 190 m_iTo: 46 m_dCost: 23.0868 m_iFlags: 0 ID: -1
m_iFrom: 190 m_iTo: 47 m_dCost: 18.4391 m_iFlags: 0 ID: -1
m_iFrom: 190 m_iTo: 48 m_dCost: 25 m_iFlags: 0 ID: -1
m_iFrom: 190 m_iTo: 157 m_dCost: 17.2627 m_iFlags: 0 ID: -1
m_iFrom: 191 m_iTo: 52 m_dCost: 23.0217 m_iFlags: 0 ID: -1
m_iFrom: 191 m_iTo: 53 m_dCost: 18.3848 m_iFlags: 0 ID: -1
m_iFrom: 191 m_iTo: 171 m_dCost: 17.0294 m_iFlags: 0 ID: -1
m_iFrom: 191 m_iTo: 172 m_dCost: 28.1603 m_iFlags: 0 ID: -1
m_iFrom: 191 m_iTo: 187 m_dCost: 27.6586 m_iFlags: 0 ID: -1
m_iFrom: 191 m_iTo: 188 m_dCost: 22.8035 m_iFlags: 0 ID: -1
m_iFrom: 192 m_iTo: 175 m_dCost: 23.7697 m_iFlags: 0 ID: -1
m_iFrom: 192 m_iTo: 176 m_dCost: 27.313 m_iFlags: 0 ID: -1
m_iFrom: 192 m_iTo: 182 m_dCost: 25.807 m_iFlags: 0 ID: -1
m_iFrom: 192 m_iTo: 183 m_dCost: 22.0907 m_iFlags: 0 ID: -1
m_iFrom: 192 m_iTo: 193 m_dCost: 26.6271 m_iFlags: 0 ID: -1
m_iFrom: 192 m_iTo: 195 m_dCost: 24.6982 m_iFlags: 0 ID: -1
m_iFrom: 193 m_iTo: 166 m_dCost: 20.2485 m_iFlags: 0 ID: -1
m_iFrom: 193 m_iTo: 176 m_dCost: 5 m_iFlags: 0 ID: -1
m_iFrom: 193 m_iTo: 177 m_dCost: 20.5183 m_iFlags: 0 ID: -1
m_iFrom: 193 m_iTo: 192 m_dCost: 26.6271 m_iFlags: 0 ID: -1
m_iFrom: 193 m_iTo: 194 m_dCost: 23 m_iFlags: 0 ID: -1
m_iFrom: 193 m_iTo: 195 m_dCost: 28.0179 m_iFlags: 0 ID: -1
m_iFrom: 194 m_iTo: 11 m_dCost: 14.8661 m_iFlags: 0 ID: -1
m_iFrom: 194 m_iTo: 167 m_dCost: 23.3452 m_iFlags: 0 ID: -1
m_iFrom: 194 m_iTo: 168 m_dCost: 26.4197 m_iFlags: 0 ID: -1
m_iFrom: 194 m_iTo: 176 m_dCost: 27.1662 m_iFlags: 0 ID: -1
m_iFrom: 194 m_iTo: 177 m_dCost: 17.4929 m_iFlags: 0 ID: -1
m_iFrom: 194 m_iTo: 178 m_dCost: 24.1868 m_iFlags: 0 ID: -1
m_iFrom: 194 m_iTo: 193 m_dCost: 23 m_iFlags: 0 ID: -1
m_iFrom: 195 m_iTo: 176 m_dCost: 24.3311 m_iFlags: 0 ID: -1
m_iFrom: 195 m_iTo: 183 m_dCost: 21.0238 m_iFlags: 0 ID: -1
m_iFrom: 195 m_iTo: 184 m_dCost: 19.4165 m_iFlags: 0 ID: -1
m_iFrom: 195 m_iTo: 192 m_dCost: 24.6982 m_iFlags: 0 ID: -1
m_iFrom: 195 m_iTo: 193 m_dCost: 28.0179 m_iFlags: 0 ID: -1
m_iFrom: 196 m_iTo: 130 m_dCost: 24.5967 m_iFlags: 0 ID: -1
m_iFrom: 196 m_iTo: 131 m_dCost: 19.2094 m_iFlags: 0 ID: -1
m_iFrom: 196 m_iTo: 184 m_dCost: 21.8403 m_iFlags: 0 ID: -1
m_iFrom: 196 m_iTo: 197 m_dCost: 23.8537 m_iFlags: 0 ID: -1
m_iFrom: 197 m_iTo: 166 m_dCost: 27.8568 m_iFlags: 0 ID: -1
m_iFrom: 197 m_iTo: 196 m_dCost: 23.8537 m_iFlags: 0 ID: -1
m_iFrom: 198 m_iTo: 165 m_dCost: 12.083 m_iFlags: 0 ID: -1
m_iFrom: 199 m_iTo: 164 m_dCost: 23.0868 m_iFlags: 0 ID: -1
m_iFrom: 200 m_iTo: 26 m_dCost: 16.2788 m_iFlags: 0 ID: -1
m_iFrom: 200 m_iTo: 201 m_dCost: 20.3961 m_iFlags: 0 ID: -1
m_iFrom: 201 m_iTo: 4 m_dCost: 27.7849 m_iFlags: 0 ID: -1
m_iFrom: 201 m_iTo: 168 m_dCost: 27.0185 m_iFlags: 0 ID: -1
m_iFrom: 201 m_iTo: 200 m_dCost: 20.3961 m_iFlags: 0 ID: -1
m_iFrom: 201 m_iTo: 202 m_dCost: 20.1246 m_iFlags: 0 ID: -1
m_iFrom: 202 m_iTo: 4 m_dCost: 7.81025 m_iFlags: 0 ID: -1
m_iFrom: 202 m_iTo: 201 m_dCost: 20.1246 m_iFlags: 0 ID: -1
m_iFrom: 203 m_iTo: 4 m_dCost: 25.4951 m_iFlags: 0 ID: -1
m_iFrom: 203 m_iTo: 27 m_dCost: 22.2036 m_iFlags: 0 ID: -1
m_iFrom: 204 m_iTo: 28 m_dCost: 21.5407 m_iFlags: 0 ID: -1
m_iFrom: 204 m_iTo: 205 m_dCost: 21.1896 m_iFlags: 0 ID: -1
m_iFrom: 205 m_iTo: 7 m_dCost: 25.318 m_iFlags: 0 ID: -1
m_iFrom: 205 m_iTo: 204 m_dCost: 21.1896 m_iFlags: 0 ID: -1
m_iFrom: 205 m_iTo: 206 m_dCost: 24.4131 m_iFlags: 0 ID: -1
m_iFrom: 206 m_iTo: 7 m_dCost: 19.4165 m_iFlags: 0 ID: -1
m_iFrom: 206 m_iTo: 205 m_dCost: 24.4131 m_iFlags: 0 ID: -1
m_iFrom: 206 m_iTo: 207 m_dCost: 28 m_iFlags: 0 ID: -1
m_iFrom: 207 m_iTo: 7 m_dCost: 23.3452 m_iFlags: 0 ID: -1
m_iFrom: 207 m_iTo: 23 m_dCost: 19.9249 m_iFlags: 0 ID: -1
m_iFrom: 207 m_iTo: 206 m_dCost: 28 m_iFlags: 0 ID: -1
m_iFrom: 207 m_iTo: 208 m_dCost: 12.6491 m_iFlags: 0 ID: -1
m_iFrom: 207 m_iTo: 209 m_dCost: 27.6586 m_iFlags: 0 ID: -1
m_iFrom: 208 m_iTo: 24 m_dCost: 25.2389 m_iFlags: 0 ID: -1
m_iFrom: 208 m_iTo: 207 m_dCost: 12.6491 m_iFlags: 0 ID: -1
m_iFrom: 208 m_iTo: 209 m_dCost: 18.0278 m_iFlags: 0 ID: -1
m_iFrom: 209 m_iTo: 207 m_dCost: 27.6586 m_iFlags: 0 ID: -1
m_iFrom: 209 m_iTo: 208 m_dCost: 18.0278 m_iFlags: 0 ID: -1
m_iFrom: 209 m_iTo: 210 m_dCost: 20.1246 m_iFlags: 0 ID: -1
m_iFrom: 209 m_iTo: 211 m_dCost: 21.0238 m_iFlags: 0 ID: -1
m_iFrom: 209 m_iTo: 212 m_dCost: 24.8395 m_iFlags: 0 ID: -1
m_iFrom: 210 m_iTo: 209 m_dCost: 20.1246 m_iFlags: 0 ID: -1
m_iFrom: 210 m_iTo: 211 m_dCost: 20.8087 m_iFlags: 0 ID: -1
m_iFrom: 210 m_iTo: 212 m_dCost: 10.198 m_iFlags: 0 ID: -1
m_iFrom: 211 m_iTo: 209 m_dCost: 21.0238 m_iFlags: 0 ID: -1
m_iFrom: 211 m_iTo: 210 m_dCost: 20.8087 m_iFlags: 0 ID: -1
m_iFrom: 211 m_iTo: 212 m_dCost: 15.1327 m_iFlags: 0 ID: -1
m_iFrom: 212 m_iTo: 209 m_dCost: 24.8395 m_iFlags: 0 ID: -1
m_iFrom: 212 m_iTo: 210 m_dCost: 10.198 m_iFlags: 0 ID: -1
m_iFrom: 212 m_iTo: 211 m_dCost: 15.1327 m_iFlags: 0 ID: -1
m_iFrom: 213 m_iTo: 214 m_dCost: 17.8045 m_iFlags: 0 ID: -1
m_iFrom: 213 m_iTo: 216 m_dCost: 16.1245 m_iFlags: 0 ID: -1
m_iFrom: 214 m_iTo: 17 m_dCost: 15.6525 m_iFlags: 0 ID: -1
m_iFrom: 214 m_iTo: 213 m_dCost: 17.8045 m_iFlags: 0 ID: -1
m_iFrom: 214 m_iTo: 215 m_dCost: 26.8328 m_iFlags: 0 ID: -1
m_iFrom: 214 m_iTo: 216 m_dCost: 13 m_iFlags: 0 ID: -1
m_iFrom: 215 m_iTo: 18 m_dCost: 26.6833 m_iFlags: 0 ID: -1
m_iFrom: 215 m_iTo: 40 m_dCost: 20.1246 m_iFlags: 0 ID: -1
m_iFrom: 215 m_iTo: 41 m_dCost: 11.6619 m_iFlags: 0 ID: -1
m_iFrom: 215 m_iTo: 214 m_dCost: 26.8328 m_iFlags: 0 ID: -1
m_iFrom: 215 m_iTo: 216 m_dCost: 19 m_iFlags: 0 ID: -1
m_iFrom: 216 m_iTo: 17 m_dCost: 26.0768 m_iFlags: 0 ID: -1
m_iFrom: 216 m_iTo: 41 m_dCost: 26.9258 m_iFlags: 0 ID: -1
m_iFrom: 216 m_iTo: 213 m_dCost: 16.1245 m_iFlags: 0 ID: -1
m_iFrom: 216 m_iTo: 214 m_dCost: 13 m_iFlags: 0 ID: -1
m_iFrom: 216 m_iTo: 215 m_dCost: 19 m_iFlags: 0 ID: -1
m_iFrom: 217 m_iTo: 82 m_dCost: 22.4722 m_iFlags: 0 ID: -1
m_iFrom: 217 m_iTo: 84 m_dCost: 26.0768 m_iFlags: 0 ID: -1
m_iFrom: 217 m_iTo: 86 m_dCost: 22.1359 m_iFlags: 0 ID: -1
m_iFrom: 217 m_iTo: 87 m_dCost: 25.632 m_iFlags: 0 ID: -1
m_iFrom: 217 m_iTo: 218 m_dCost: 20.2485 m_iFlags: 0 ID: -1
m_iFrom: 218 m_iTo: 71 m_dCost: 14.3178 m_iFlags: 0 ID: -1
m_iFrom: 218 m_iTo: 72 m_dCost: 16.2788 m_iFlags: 0 ID: -1
m_iFrom: 218 m_iTo: 73 m_dCost: 22.6274 m_iFlags: 0 ID: -1
m_iFrom: 218 m_iTo: 82 m_dCost: 17.8045 m_iFlags: 0 ID: -1
m_iFrom: 218 m_iTo: 87 m_dCost: 16.7631 m_iFlags: 0 ID: -1
m_iFrom: 218 m_iTo: 217 m_dCost: 20.2485 m_iFlags: 0 ID: -1
m_iFrom: 219 m_iTo: 115 m_dCost: 22.2036 m_iFlags: 0 ID: -1
m_iFrom: 219 m_iTo: 116 m_dCost: 22.2036 m_iFlags: 0 ID: -1
m_iFrom: 219 m_iTo: 221 m_dCost: 10 m_iFlags: 0 ID: -1
m_iFrom: 219 m_iTo: 223 m_dCost: 23.3238 m_iFlags: 0 ID: -1
m_iFrom: 220 m_iTo: 29 m_dCost: 25.02 m_iFlags: 0 ID: -1
m_iFrom: 220 m_iTo: 159 m_dCost: 21.1896 m_iFlags: 0 ID: -1
m_iFrom: 220 m_iTo: 160 m_dCost: 21.587 m_iFlags: 0 ID: -1
m_iFrom: 221 m_iTo: 116 m_dCost: 21.4709 m_iFlags: 0 ID: -1
m_iFrom: 221 m_iTo: 117 m_dCost: 27.0185 m_iFlags: 0 ID: -1
m_iFrom: 221 m_iTo: 219 m_dCost: 10 m_iFlags: 0 ID: -1
m_iFrom: 221 m_iTo: 223 m_dCost: 14.5602 m_iFlags: 0 ID: -1
m_iFrom: 222 m_iTo: 223 m_dCost: 16.2788 m_iFlags: 0 ID: -1
m_iFrom: 222 m_iTo: 224 m_dCost: 16.2788 m_iFlags: 0 ID: -1
m_iFrom: 222 m_iTo: 248 m_dCost: 21.3776 m_iFlags: 0 ID: -1
m_iFrom: 222 m_iTo: 253 m_dCost: 6.32456 m_iFlags: 0 ID: -1
m_iFrom: 222 m_iTo: 258 m_dCost: 28.0713 m_iFlags: 0 ID: -1
m_iFrom: 223 m_iTo: 219 m_dCost: 23.3238 m_iFlags: 0 ID: -1
m_iFrom: 223 m_iTo: 221 m_dCost: 14.5602 m_iFlags: 0 ID: -1
m_iFrom: 223 m_iTo: 222 m_dCost: 16.2788 m_iFlags: 0 ID: -1
m_iFrom: 223 m_iTo: 253 m_dCost: 14.3178 m_iFlags: 0 ID: -1
m_iFrom: 224 m_iTo: 222 m_dCost: 16.2788 m_iFlags: 0 ID: -1
m_iFrom: 224 m_iTo: 225 m_dCost: 21.4009 m_iFlags: 0 ID: -1
m_iFrom: 224 m_iTo: 248 m_dCost: 11.4018 m_iFlags: 0 ID: -1
m_iFrom: 224 m_iTo: 253 m_dCost: 19.7231 m_iFlags: 0 ID: -1
m_iFrom: 224 m_iTo: 258 m_dCost: 20.6155 m_iFlags: 0 ID: -1
m_iFrom: 225 m_iTo: 224 m_dCost: 21.4009 m_iFlags: 0 ID: -1
m_iFrom: 225 m_iTo: 226 m_dCost: 16.9706 m_iFlags: 0 ID: -1
m_iFrom: 225 m_iTo: 247 m_dCost: 25.6125 m_iFlags: 0 ID: -1
m_iFrom: 225 m_iTo: 248 m_dCost: 21.5407 m_iFlags: 0 ID: -1
m_iFrom: 225 m_iTo: 258 m_dCost: 26.0192 m_iFlags: 0 ID: -1
m_iFrom: 226 m_iTo: 225 m_dCost: 16.9706 m_iFlags: 0 ID: -1
m_iFrom: 226 m_iTo: 227 m_dCost: 16.9706 m_iFlags: 0 ID: -1
m_iFrom: 227 m_iTo: 226 m_dCost: 16.9706 m_iFlags: 0 ID: -1
m_iFrom: 227 m_iTo: 228 m_dCost: 14.2127 m_iFlags: 0 ID: -1
m_iFrom: 227 m_iTo: 229 m_dCost: 27.5862 m_iFlags: 0 ID: -1
m_iFrom: 228 m_iTo: 227 m_dCost: 14.2127 m_iFlags: 0 ID: -1
m_iFrom: 228 m_iTo: 229 m_dCost: 13.6015 m_iFlags: 0 ID: -1
m_iFrom: 228 m_iTo: 246 m_dCost: 17.0294 m_iFlags: 0 ID: -1
m_iFrom: 229 m_iTo: 227 m_dCost: 27.5862 m_iFlags: 0 ID: -1
m_iFrom: 229 m_iTo: 228 m_dCost: 13.6015 m_iFlags: 0 ID: -1
m_iFrom: 229 m_iTo: 230 m_dCost: 17.8045 m_iFlags: 0 ID: -1
m_iFrom: 229 m_iTo: 246 m_dCost: 15 m_iFlags: 0 ID: -1
m_iFrom: 230 m_iTo: 229 m_dCost: 17.8045 m_iFlags: 0 ID: -1
m_iFrom: 230 m_iTo: 246 m_dCost: 26.0768 m_iFlags: 0 ID: -1
m_iFrom: 231 m_iTo: 232 m_dCost: 18.3848 m_iFlags: 0 ID: -1
m_iFrom: 232 m_iTo: 231 m_dCost: 18.3848 m_iFlags: 0 ID: -1
m_iFrom: 232 m_iTo: 233 m_dCost: 27.1662 m_iFlags: 0 ID: -1
m_iFrom: 233 m_iTo: 15 m_dCost: 22.2036 m_iFlags: 0 ID: -1
m_iFrom: 233 m_iTo: 232 m_dCost: 27.1662 m_iFlags: 0 ID: -1
m_iFrom: 233 m_iTo: 234 m_dCost: 23.1948 m_iFlags: 0 ID: -1
m_iFrom: 234 m_iTo: 15 m_dCost: 16.7631 m_iFlags: 0 ID: -1
m_iFrom: 234 m_iTo: 233 m_dCost: 23.1948 m_iFlags: 0 ID: -1
m_iFrom: 234 m_iTo: 235 m_dCost: 28.1603 m_iFlags: 0 ID: -1
m_iFrom: 235 m_iTo: 234 m_dCost: 28.1603 m_iFlags: 0 ID: -1
m_iFrom: 235 m_iTo: 237 m_dCost: 20 m_iFlags: 0 ID: -1
m_iFrom: 236 m_iTo: 237 m_dCost: 11 m_iFlags: 0 ID: -1
m_iFrom: 236 m_iTo: 238 m_dCost: 24.0208 m_iFlags: 0 ID: -1
m_iFrom: 237 m_iTo: 235 m_dCost: 20 m_iFlags: 0 ID: -1
m_iFrom: 237 m_iTo: 236 m_dCost: 11 m_iFlags: 0 ID: -1
m_iFrom: 238 m_iTo: 236 m_dCost: 24.0208 m_iFlags: 0 ID: -1
m_iFrom: 238 m_iTo: 240 m_dCost: 20.3961 m_iFlags: 0 ID: -1
m_iFrom: 239 m_iTo: 3 m_dCost: 25.807 m_iFlags: 0 ID: -1
m_iFrom: 239 m_iTo: 240 m_dCost: 13.0384 m_iFlags: 0 ID: -1
m_iFrom: 239 m_iTo: 241 m_dCost: 18.6815 m_iFlags: 0 ID: -1
m_iFrom: 239 m_iTo: 249 m_dCost: 14.8661 m_iFlags: 0 ID: -1
m_iFrom: 240 m_iTo: 3 m_dCost: 22.0907 m_iFlags: 0 ID: -1
m_iFrom: 240 m_iTo: 238 m_dCost: 20.3961 m_iFlags: 0 ID: -1
m_iFrom: 240 m_iTo: 239 m_dCost: 13.0384 m_iFlags: 0 ID: -1
m_iFrom: 240 m_iTo: 249 m_dCost: 27.6586 m_iFlags: 0 ID: -1
m_iFrom: 241 m_iTo: 239 m_dCost: 18.6815 m_iFlags: 0 ID: -1
m_iFrom: 241 m_iTo: 242 m_dCost: 24.0208 m_iFlags: 0 ID: -1
m_iFrom: 241 m_iTo: 249 m_dCost: 10.7703 m_iFlags: 0 ID: -1
m_iFrom: 242 m_iTo: 241 m_dCost: 24.0208 m_iFlags: 0 ID: -1
m_iFrom: 242 m_iTo: 243 m_dCost: 19.105 m_iFlags: 0 ID: -1
m_iFrom: 243 m_iTo: 12 m_dCost: 25.2389 m_iFlags: 0 ID: -1
m_iFrom: 243 m_iTo: 242 m_dCost: 19.105 m_iFlags: 0 ID: -1
m_iFrom: 243 m_iTo: 244 m_dCost: 26 m_iFlags: 0 ID: -1
m_iFrom: 244 m_iTo: 12 m_dCost: 24.1868 m_iFlags: 0 ID: -1
m_iFrom: 244 m_iTo: 243 m_dCost: 26 m_iFlags: 0 ID: -1
m_iFrom: 244 m_iTo: 245 m_dCost: 18.4391 m_iFlags: 0 ID: -1
m_iFrom: 245 m_iTo: 244 m_dCost: 18.4391 m_iFlags: 0 ID: -1
m_iFrom: 245 m_iTo: 246 m_dCost: 21.0238 m_iFlags: 0 ID: -1
m_iFrom: 246 m_iTo: 228 m_dCost: 17.0294 m_iFlags: 0 ID: -1
m_iFrom: 246 m_iTo: 229 m_dCost: 15 m_iFlags: 0 ID: -1
m_iFrom: 246 m_iTo: 230 m_dCost: 26.0768 m_iFlags: 0 ID: -1
m_iFrom: 246 m_iTo: 245 m_dCost: 21.0238 m_iFlags: 0 ID: -1
m_iFrom: 247 m_iTo: 12 m_dCost: 8.544 m_iFlags: 0 ID: -1
m_iFrom: 247 m_iTo: 225 m_dCost: 25.6125 m_iFlags: 0 ID: -1
m_iFrom: 247 m_iTo: 248 m_dCost: 28.2843 m_iFlags: 0 ID: -1
m_iFrom: 247 m_iTo: 258 m_dCost: 23.2594 m_iFlags: 0 ID: -1
m_iFrom: 248 m_iTo: 222 m_dCost: 21.3776 m_iFlags: 0 ID: -1
m_iFrom: 248 m_iTo: 224 m_dCost: 11.4018 m_iFlags: 0 ID: -1
m_iFrom: 248 m_iTo: 225 m_dCost: 21.5407 m_iFlags: 0 ID: -1
m_iFrom: 248 m_iTo: 247 m_dCost: 28.2843 m_iFlags: 0 ID: -1
m_iFrom: 248 m_iTo: 253 m_dCost: 21.4709 m_iFlags: 0 ID: -1
m_iFrom: 248 m_iTo: 258 m_dCost: 9.21954 m_iFlags: 0 ID: -1
m_iFrom: 249 m_iTo: 239 m_dCost: 14.8661 m_iFlags: 0 ID: -1
m_iFrom: 249 m_iTo: 240 m_dCost: 27.6586 m_iFlags: 0 ID: -1
m_iFrom: 249 m_iTo: 241 m_dCost: 10.7703 m_iFlags: 0 ID: -1
m_iFrom: 249 m_iTo: 251 m_dCost: 22.8035 m_iFlags: 0 ID: -1
m_iFrom: 250 m_iTo: 251 m_dCost: 19.8494 m_iFlags: 0 ID: -1
m_iFrom: 250 m_iTo: 256 m_dCost: 8.94427 m_iFlags: 0 ID: -1
m_iFrom: 251 m_iTo: 249 m_dCost: 22.8035 m_iFlags: 0 ID: -1
m_iFrom: 251 m_iTo: 250 m_dCost: 19.8494 m_iFlags: 0 ID: -1
m_iFrom: 251 m_iTo: 256 m_dCost: 23.7065 m_iFlags: 0 ID: -1
m_iFrom: 252 m_iTo: 256 m_dCost: 11.7047 m_iFlags: 0 ID: -1
m_iFrom: 253 m_iTo: 222 m_dCost: 6.32456 m_iFlags: 0 ID: -1
m_iFrom: 253 m_iTo: 223 m_dCost: 14.3178 m_iFlags: 0 ID: -1
m_iFrom: 253 m_iTo: 224 m_dCost: 19.7231 m_iFlags: 0 ID: -1
m_iFrom: 253 m_iTo: 248 m_dCost: 21.4709 m_iFlags: 0 ID: -1
m_iFrom: 253 m_iTo: 258 m_dCost: 26.3059 m_iFlags: 0 ID: -1
m_iFrom: 254 m_iTo: 258 m_dCost: 15.5563 m_iFlags: 0 ID: -1
m_iFrom: 255 m_iTo: 256 m_dCost: 15 m_iFlags: 0 ID: -1
m_iFrom: 255 m_iTo: 258 m_dCost: 15.2971 m_iFlags: 0 ID: -1
m_iFrom: 256 m_iTo: 250 m_dCost: 8.94427 m_iFlags: 0 ID: -1
m_iFrom: 256 m_iTo: 251 m_dCost: 23.7065 m_iFlags: 0 ID: -1
m_iFrom: 256 m_iTo: 252 m_dCost: 11.7047 m_iFlags: 0 ID: -1
m_iFrom: 256 m_iTo: 255 m_dCost: 15 m_iFlags: 0 ID: -1
m_iFrom: 256 m_iTo: 258 m_dCost: 27.6586 m_iFlags: 0 ID: -1
m_iFrom: 257 m_iTo: 258 m_dCost: 7.2111 m_iFlags: 0 ID: -1
m_iFrom: 258 m_iTo: 222 m_dCost: 28.0713 m_iFlags: 0 ID: -1
m_iFrom: 258 m_iTo: 224 m_dCost: 20.6155 m_iFlags: 0 ID: -1
m_iFrom: 258 m_iTo: 225 m_dCost: 26.0192 m_iFlags: 0 ID: -1
m_iFrom: 258 m_iTo: 247 m_dCost: 23.2594 m_iFlags: 0 ID: -1
m_iFrom: 258 m_iTo: 248 m_dCost: 9.21954 m_iFlags: 0 ID: -1
m_iFrom: 258 m_iTo: 253 m_dCost: 26.3059 m_iFlags: 0 ID: -1
m_iFrom: 258 m_iTo: 254 m_dCost: 15.5563 m_iFlags: 0 ID: -1
m_iFrom: 258 m_iTo: 255 m_dCost: 15.2971 m_iFlags: 0 ID: -1
m_iFrom: 258 m_iTo: 256 m_dCost: 27.6586 m_iFlags: 0 ID: -1
m_iFrom: 258 m_iTo: 257 m_dCost: 7.2111 m_iFlags: 0 ID: -1

489 464
0  19 9  460 10  -0.00226757 0.999997
0  20 9  23 394  -0.99997 0.00779197
0  23 393  273 180  0.648532 0.761188
0  272 180  78 393  -0.739312 -0.673364
0  80 391  346 393  -0.00751858 0.999972
0  346 393  382 116  0.99166 0.12888
0  383 117  376 382  -0.999651 -0.0264059
0  377 383  465 385  -0.0227214 0.999742
0  465 384  460 10  0.999911 -0.0133678
5 9  35 349 7  -1
5 10  32 24 7  -1
5 11  448 21 7  -1
5 12  423 357 7  -1
5 13  227 364 7  -1
4 14  61 201 7 50 0
4 15  244 29 7 50 1
4 16  286 263 7 50 2
4 17  417 187 7 50 3
4 18  134 85 7 50 4
4 19  369 59 7 50 5
7 20  142 216 7  6
7 21  74 90 7  7
7 22  304 69 7  8
6 23  211 323 7  9
6 24  337 156 7  10
6 25  193 119 7  11
6 26  423 97 7  12
8 27  132 373 7  13
8 28  302 352 7  14
8 29  423 293 7  15
9 30  119 147 7  16